Loading default script variable values..
Script variables default values loaded! [build 2026-08-04-K]
DebugTools:initialize()
MenuTools:initialize()
UpgradeTools:initialize()
ConfigTools:initialize()
NREProbe:initialize()
[NREPROBE] build 2026-08-04-K charge (main.lua) — PREMIERE ligne attendue, au LANCEMENT du jeu. Si absente: la copie du mod chargee par le jeu n est PAS celle du depot.

<!> DebugTools: Init..

<!> ConfigTools: Init..
[NREPROBE] service nre_probe ACTIF (EngineServiceEvents.Init) — build 2026-07-27-C
[PMDRED_EU_PERSONALITY_FLOW] {"event":"BOOTSTRAP","sequence":1,"frame":0,"context":"personality_quiz_flow"}
Loading default script variable values..
Script variables default values loaded! [build 2026-08-04-K]
[NREPROBE] LoadSavedData <-- sauvegarde chargee (menu Continuer) | zone= seg=? map=? | Save.Team=0 leader=<nil> | DungeonMap=nil TeamAttachee=n/a foes=n/a
[PMDRED_EU_PERSONALITY_FLOW] {"event":"ENTER_ZONE_REQUEST","sequence":2,"frame":0,"context":"personality_test"}

<!> ExampleSvc: Preparing debug save file
[DevUnlock] exclu: barren_tundra
[DevUnlock] exclu: bravery_road
[DevUnlock] exclu: cave_of_solace
[DevUnlock] exclu: cave_of_whispers
[DevUnlock] exclu: debug_zone
[DevUnlock] exclu: deserted_fortress
[DevUnlock] exclu: energy_garden
[DevUnlock] exclu: eon_island
[DevUnlock] exclu: guildmaster_island
[DevUnlock] exclu: hope_road
[DevUnlock] exclu: inscribed_cave
[DevUnlock] exclu: labyrinth_of_the_lost
[DevUnlock] exclu: master_zone
[DevUnlock] exclu: prism_isles
[DevUnlock] exclu: royal_halls
[DevUnlock] exclu: sacred_tower
[DevUnlock] exclu: starfall_heights
[DevUnlock] exclu: the_abyss
[DevUnlock] exclu: the_sky
[DevUnlock] exclu: training_maze
[DevUnlock] exclu: uncharted_waters
[DevUnlock] exclu: wisdom_road
[NREPROBE] NewGame | zone= seg=? map=? | Save.Team=4 leader=BIG_AF_NAME | DungeonMap=nil TeamAttachee=n/a foes=n/a
=>> Init_master_zone
[NREPROBE] ZoneInit | zone=master_zone seg=-1 map=-1 | Save.Team=4 leader=BIG_AF_NAME | DungeonMap=nil TeamAttachee=n/a foes=n/a
[NREPROBE] DungeonSegmentStart (Lua EnterSegment va tourner) | zone=master_zone seg=-1 map=-1 | Save.Team=4 leader=BIG_AF_NAME | DungeonMap=nil TeamAttachee=n/a foes=n/a
[NREPROBE] GroundModeBegin | zone=master_zone seg=-1 map=31 | Save.Team=4 leader=BIG_AF_NAME | DungeonMap=nil TeamAttachee=n/a foes=n/a
[NREPROBE] GroundMapEnter | zone=master_zone seg=-1 map=31 | Save.Team=4 leader=BIG_AF_NAME | DungeonMap=nil TeamAttachee=n/a foes=n/a
[PMDRED_EU_PERSONALITY_FLOW] {"event":"GROUND_ASSERTED","sequence":3,"frame":0,"context":"personality_test"}
[PMDRED_EU_PERSONALITY_FLOW] {"event":"QUIZ_PRELUDE_BEGIN","sequence":4,"frame":0,"page_count":7}
[PMDRED_EU_PERSONALITY_FLOW] {"event":"QUIZ_TEXT_BEGIN","sequence":5,"frame":0,"context":"prelude:PMDRED_EU_S01_001"}
[PMDRED_EU_PERSONALITY_FLOW] {"event":"QUIZ_TEXT_END","sequence":6,"frame":9,"context":"prelude:PMDRED_EU_S01_001"}
[PMDRED_EU_PERSONALITY_FLOW] {"event":"QUIZ_PRELUDE_PAGE","sequence":7,"frame":9,"key":"PMDRED_EU_S01_001","index":1}
[PMDRED_EU_PERSONALITY_FLOW] {"event":"QUIZ_TEXT_BEGIN","sequence":8,"frame":9,"context":"prelude:PMDRED_EU_S01_002"}
[PMDRED_EU_PERSONALITY_FLOW] {"event":"QUIZ_TEXT_END","sequence":9,"frame":40,"context":"prelude:PMDRED_EU_S01_002"}
[PMDRED_EU_PERSONALITY_FLOW] {"event":"QUIZ_PRELUDE_PAGE","sequence":10,"frame":40,"key":"PMDRED_EU_S01_002","index":2}
[PMDRED_EU_PERSONALITY_FLOW] {"event":"QUIZ_TEXT_BEGIN","sequence":11,"frame":40,"context":"prelude:PMDRED_EU_S01_003"}
[PMDRED_EU_PERSONALITY_FLOW] {"event":"QUIZ_TEXT_END","sequence":12,"frame":80,"context":"prelude:PMDRED_EU_S01_003"}
[PMDRED_EU_PERSONALITY_FLOW] {"event":"QUIZ_PRELUDE_PAGE","sequence":13,"frame":80,"key":"PMDRED_EU_S01_003","index":3}
[PMDRED_EU_PERSONALITY_FLOW] {"event":"QUIZ_TEXT_BEGIN","sequence":14,"frame":80,"context":"prelude:PMDRED_EU_S01_004"}
[PMDRED_EU_PERSONALITY_FLOW] {"event":"QUIZ_TEXT_END","sequence":15,"frame":106,"context":"prelude:PMDRED_EU_S01_004"}
[PMDRED_EU_PERSONALITY_FLOW] {"event":"QUIZ_PRELUDE_PAGE","sequence":16,"frame":106,"key":"PMDRED_EU_S01_004","index":4}
[PMDRED_EU_PERSONALITY_FLOW] {"event":"QUIZ_TEXT_BEGIN","sequence":17,"frame":106,"context":"prelude:PMDRED_EU_S01_005"}
[PMDRED_EU_PERSONALITY_FLOW] {"event":"QUIZ_TEXT_END","sequence":18,"frame":119,"context":"prelude:PMDRED_EU_S01_005"}
[PMDRED_EU_PERSONALITY_FLOW] {"event":"QUIZ_PRELUDE_PAGE","sequence":19,"frame":119,"key":"PMDRED_EU_S01_005","index":5}
[PMDRED_EU_PERSONALITY_FLOW] {"event":"QUIZ_TEXT_BEGIN","sequence":20,"frame":119,"context":"prelude:PMDRED_EU_S01_006_A"}
[PMDRED_EU_PERSONALITY_FLOW] {"event":"QUIZ_TEXT_END","sequence":21,"frame":128,"context":"prelude:PMDRED_EU_S01_006_A"}
[PMDRED_EU_PERSONALITY_FLOW] {"event":"QUIZ_PRELUDE_PAGE","sequence":22,"frame":128,"key":"PMDRED_EU_S01_006_A","index":6}
[PMDRED_EU_PERSONALITY_FLOW] {"event":"QUIZ_TEXT_BEGIN","sequence":23,"frame":128,"context":"prelude:PMDRED_EU_S01_006_B"}
[PMDRED_EU_PERSONALITY_FLOW] {"event":"QUIZ_TEXT_END","sequence":24,"frame":144,"context":"prelude:PMDRED_EU_S01_006_B"}
[PMDRED_EU_PERSONALITY_FLOW] {"event":"QUIZ_PRELUDE_PAGE","sequence":25,"frame":144,"key":"PMDRED_EU_S01_006_B","index":7}
[PMDRED_EU_PERSONALITY_FLOW] {"event":"QUIZ_BGM_SWITCH","sequence":26,"frame":144,"cue":"Welcome to the World of Pokémon!.ogg"}
[PMDRED_EU_PERSONALITY_FLOW] {"event":"QUIZ_PALETTE_FADE_IN_END","sequence":27,"frame":159,"frames":30,"source_opcode":"CMD_BYTE_22"}
[PMDRED_EU_PERSONALITY_FLOW] {"event":"QUIZ_PRELUDE_END","sequence":28,"frame":159}
[PMDRED_EU_PERSONALITY_FLOW] {"event":"QUIZ_RNG","sequence":29,"frame":159,"purpose":"question","value":0,"maximum":55}
[PMDRED_EU_PERSONALITY_FLOW] {"event":"QUIZ_RNG","sequence":30,"frame":159,"purpose":"question","value":4,"maximum":55}
[PMDRED_EU_PERSONALITY_FLOW] {"event":"QUIZ_RNG","sequence":31,"frame":159,"purpose":"question","value":9,"maximum":55}
[PMDRED_EU_PERSONALITY_FLOW] {"event":"QUIZ_RNG","sequence":32,"frame":159,"purpose":"question","value":12,"maximum":55}
[PMDRED_EU_PERSONALITY_FLOW] {"event":"QUIZ_RNG","sequence":33,"frame":159,"purpose":"question","value":16,"maximum":55}
[PMDRED_EU_PERSONALITY_FLOW] {"event":"QUIZ_RNG","sequence":34,"frame":159,"purpose":"question","value":20,"maximum":55}
[PMDRED_EU_PERSONALITY_FLOW] {"event":"QUIZ_RNG","sequence":35,"frame":159,"purpose":"question","value":24,"maximum":55}
[PMDRED_EU_PERSONALITY_FLOW] {"event":"QUIZ_RNG","sequence":36,"frame":159,"purpose":"question","value":28,"maximum":55}
[PMDRED_EU_PERSONALITY_FLOW] {"event":"QUIZ_QUESTIONS_SELECTED","sequence":37,"frame":159}
[PMDRED_EU_PERSONALITY_FLOW] {"event":"QUIZ_CHOICE_BEGIN","sequence":38,"frame":159,"context":"question:hardy_1","choice_count":3}
[PMDRED_EU_PERSONALITY_FLOW] {"event":"QUIZ_CHOICE_END","sequence":39,"frame":222,"context":"question:hardy_1","result":1}
[PMDRED_EU_PERSONALITY_FLOW] {"event":"QUIZ_ANSWER","sequence":40,"frame":222,"question":"hardy_1","answer":1,"asked_index":1}
[PMDRED_EU_PERSONALITY_FLOW] {"event":"QUIZ_CHOICE_BEGIN","sequence":41,"frame":222,"context":"question:docile_1","choice_count":2}
[PMDRED_EU_PERSONALITY_FLOW] {"event":"QUIZ_CHOICE_END","sequence":42,"frame":273,"context":"question:docile_1","result":1}
[PMDRED_EU_PERSONALITY_FLOW] {"event":"QUIZ_ANSWER","sequence":43,"frame":273,"question":"docile_1","answer":1,"asked_index":2}
[PMDRED_EU_PERSONALITY_FLOW] {"event":"QUIZ_CHOICE_BEGIN","sequence":44,"frame":273,"context":"question:brave_2a","choice_count":3}
[PMDRED_EU_PERSONALITY_FLOW] {"event":"QUIZ_CHOICE_END","sequence":45,"frame":320,"context":"question:brave_2a","result":1}
[PMDRED_EU_PERSONALITY_FLOW] {"event":"QUIZ_ANSWER","sequence":46,"frame":320,"question":"brave_2a","answer":1,"asked_index":3}
[PMDRED_EU_PERSONALITY_FLOW] {"event":"QUIZ_BRANCH","sequence":47,"frame":320,"source":"brave_2a","target":"brave_2b"}
[PMDRED_EU_PERSONALITY_FLOW] {"event":"QUIZ_CONTROL","sequence":48,"frame":320,"context":"question:brave_2b","segment":1,"after":"wait_press"}
[PMDRED_EU_PERSONALITY_FLOW] {"event":"QUIZ_TEXT_BEGIN","sequence":49,"frame":320,"context":"question:brave_2b:1"}
[PMDRED_EU_PERSONALITY_FLOW] {"event":"QUIZ_TEXT_END","sequence":50,"frame":337,"context":"question:brave_2b:1"}
[PMDRED_EU_PERSONALITY_FLOW] {"event":"QUIZ_CONTROL","sequence":51,"frame":337,"context":"question:brave_2b","segment":2,"after":"extra_message"}
[PMDRED_EU_PERSONALITY_FLOW] {"event":"QUIZ_TEXT_BEGIN","sequence":52,"frame":337,"context":"question:brave_2b:2"}
[PMDRED_EU_PERSONALITY_FLOW] {"event":"QUIZ_TEXT_END","sequence":53,"frame":359,"context":"question:brave_2b:2"}
[PMDRED_EU_PERSONALITY_FLOW] {"event":"QUIZ_CONTROL","sequence":54,"frame":359,"context":"question:brave_2b","segment":3,"after":"extra_message"}
[PMDRED_EU_PERSONALITY_FLOW] {"event":"QUIZ_TEXT_BEGIN","sequence":55,"frame":359,"context":"question:brave_2b:3"}
[PMDRED_EU_PERSONALITY_FLOW] {"event":"QUIZ_TEXT_END","sequence":56,"frame":377,"context":"question:brave_2b:3"}
[PMDRED_EU_PERSONALITY_FLOW] {"event":"QUIZ_CONTROL","sequence":57,"frame":377,"context":"question:brave_2b","segment":4,"after":"extra_message"}
[PMDRED_EU_PERSONALITY_FLOW] {"event":"QUIZ_TEXT_BEGIN","sequence":58,"frame":377,"context":"question:brave_2b:4"}
[PMDRED_EU_PERSONALITY_FLOW] {"event":"QUIZ_TEXT_END","sequence":59,"frame":407,"context":"question:brave_2b:4"}
[PMDRED_EU_PERSONALITY_FLOW] {"event":"QUIZ_CONTROL","sequence":60,"frame":407,"context":"question:brave_2b","segment":5,"after":"wait_press"}
[PMDRED_EU_PERSONALITY_FLOW] {"event":"QUIZ_TEXT_BEGIN","sequence":61,"frame":407,"context":"question:brave_2b:5"}
[PMDRED_EU_PERSONALITY_FLOW] {"event":"QUIZ_TEXT_END","sequence":62,"frame":436,"context":"question:brave_2b:5"}
[PMDRED_EU_PERSONALITY_FLOW] {"event":"QUIZ_CHOICE_BEGIN","sequence":63,"frame":436,"context":"question:brave_2b","choice_count":2}
[PMDRED_EU_PERSONALITY_FLOW] {"event":"QUIZ_CHOICE_END","sequence":64,"frame":462,"context":"question:brave_2b","result":2}
[PMDRED_EU_PERSONALITY_FLOW] {"event":"QUIZ_ANSWER","sequence":65,"frame":462,"question":"brave_2b","answer":2,"asked_index":3}
[PMDRED_EU_PERSONALITY_FLOW] {"event":"QUIZ_CHOICE_BEGIN","sequence":66,"frame":462,"context":"question:jolly_1","choice_count":2}
[PMDRED_EU_PERSONALITY_FLOW] {"event":"QUIZ_CHOICE_END","sequence":67,"frame":491,"context":"question:jolly_1","result":1}
[PMDRED_EU_PERSONALITY_FLOW] {"event":"QUIZ_ANSWER","sequence":68,"frame":491,"question":"jolly_1","answer":1,"asked_index":4}
[PMDRED_EU_PERSONALITY_FLOW] {"event":"QUIZ_CHOICE_BEGIN","sequence":69,"frame":491,"context":"question:impish_1","choice_count":2}
[PMDRED_EU_PERSONALITY_FLOW] {"event":"QUIZ_CHOICE_END","sequence":70,"frame":520,"context":"question:impish_1","result":1}
[PMDRED_EU_PERSONALITY_FLOW] {"event":"QUIZ_ANSWER","sequence":71,"frame":520,"question":"impish_1","answer":1,"asked_index":5}
[PMDRED_EU_PERSONALITY_FLOW] {"event":"QUIZ_CHOICE_BEGIN","sequence":72,"frame":520,"context":"question:naive_1","choice_count":3}
[PMDRED_EU_PERSONALITY_FLOW] {"event":"QUIZ_CHOICE_END","sequence":73,"frame":561,"context":"question:naive_1","result":1}
[PMDRED_EU_PERSONALITY_FLOW] {"event":"QUIZ_ANSWER","sequence":74,"frame":561,"question":"naive_1","answer":1,"asked_index":6}
[PMDRED_EU_PERSONALITY_FLOW] {"event":"QUIZ_CHOICE_BEGIN","sequence":75,"frame":561,"context":"question:timid_1","choice_count":3}
[PMDRED_EU_PERSONALITY_FLOW] {"event":"QUIZ_CHOICE_END","sequence":76,"frame":622,"context":"question:timid_1","result":1}
[PMDRED_EU_PERSONALITY_FLOW] {"event":"QUIZ_ANSWER","sequence":77,"frame":622,"question":"timid_1","answer":1,"asked_index":7}
[PMDRED_EU_PERSONALITY_FLOW] {"event":"QUIZ_CONTROL","sequence":78,"frame":622,"context":"question:hasty_1","segment":1,"after":"wait_press"}
[PMDRED_EU_PERSONALITY_FLOW] {"event":"QUIZ_TEXT_BEGIN","sequence":79,"frame":622,"context":"question:hasty_1:1"}
[PMDRED_EU_PERSONALITY_FLOW] {"event":"QUIZ_TEXT_END","sequence":80,"frame":641,"context":"question:hasty_1:1"}
[PMDRED_EU_PERSONALITY_FLOW] {"event":"QUIZ_CONTROL","sequence":81,"frame":641,"context":"question:hasty_1","segment":2,"after":"wait_press"}
[PMDRED_EU_PERSONALITY_FLOW] {"event":"QUIZ_TEXT_BEGIN","sequence":82,"frame":641,"context":"question:hasty_1:2"}
[PMDRED_EU_PERSONALITY_FLOW] {"event":"QUIZ_TEXT_END","sequence":83,"frame":666,"context":"question:hasty_1:2"}
[PMDRED_EU_PERSONALITY_FLOW] {"event":"QUIZ_CHOICE_BEGIN","sequence":84,"frame":666,"context":"question:hasty_1","choice_count":3}
[PMDRED_EU_PERSONALITY_FLOW] {"event":"QUIZ_CHOICE_END","sequence":85,"frame":715,"context":"question:hasty_1","result":1}
[PMDRED_EU_PERSONALITY_FLOW] {"event":"QUIZ_ANSWER","sequence":86,"frame":715,"question":"hasty_1","answer":1,"asked_index":8}
[PMDRED_EU_PERSONALITY_FLOW] {"event":"QUIZ_CHOICE_BEGIN","sequence":87,"frame":715,"context":"gender","choice_count":3}
[PMDRED_EU_PERSONALITY_FLOW] {"event":"QUIZ_CHOICE_END","sequence":88,"frame":754,"context":"gender","result":3}
[PMDRED_EU_PERSONALITY_FLOW] {"event":"QUIZ_GENDER","sequence":89,"frame":754,"choice":3}
[PMDRED_EU_PERSONALITY_FLOW] {"event":"QUIZ_RNG","sequence":90,"frame":754,"purpose":"tie","value":0,"maximum":13}
[PMDRED_EU_PERSONALITY_FLOW] {"event":"QUIZ_PERSONALITY","sequence":91,"frame":754,"personality":"naive","tie_start":0}
[PMDRED_EU_PERSONALITY_FLOW] {"event":"QUIZ_CONTROL","sequence":92,"frame":754,"context":"description:naive","segment":1,"after":"wait_press"}
[PMDRED_EU_PERSONALITY_FLOW] {"event":"QUIZ_TEXT_BEGIN","sequence":93,"frame":754,"context":"description:naive:1"}
[PMDRED_EU_PERSONALITY_FLOW] {"event":"QUIZ_TEXT_END","sequence":94,"frame":768,"context":"description:naive:1"}
[PMDRED_EU_PERSONALITY_FLOW] {"event":"QUIZ_CONTROL","sequence":95,"frame":768,"context":"description:naive","segment":2,"after":"extra_message"}
[PMDRED_EU_PERSONALITY_FLOW] {"event":"QUIZ_TEXT_BEGIN","sequence":96,"frame":768,"context":"description:naive:2"}
[PMDRED_EU_PERSONALITY_FLOW] {"event":"QUIZ_TEXT_END","sequence":97,"frame":779,"context":"description:naive:2"}
[PMDRED_EU_PERSONALITY_FLOW] {"event":"QUIZ_CONTROL","sequence":98,"frame":779,"context":"description:naive","segment":3,"after":"extra_message"}
[PMDRED_EU_PERSONALITY_FLOW] {"event":"QUIZ_TEXT_BEGIN","sequence":99,"frame":779,"context":"description:naive:3"}
[PMDRED_EU_PERSONALITY_FLOW] {"event":"QUIZ_TEXT_END","sequence":100,"frame":813,"context":"description:naive:3"}
[PMDRED_EU_PERSONALITY_FLOW] {"event":"QUIZ_CONTROL","sequence":101,"frame":813,"context":"description:naive","segment":4,"after":"extra_message"}
[PMDRED_EU_PERSONALITY_FLOW] {"event":"QUIZ_TEXT_BEGIN","sequence":102,"frame":813,"context":"description:naive:4"}
[PMDRED_EU_PERSONALITY_FLOW] {"event":"QUIZ_TEXT_END","sequence":103,"frame":872,"context":"description:naive:4"}
[PMDRED_EU_PERSONALITY_FLOW] {"event":"QUIZ_CONTROL","sequence":104,"frame":872,"context":"description:naive","segment":5,"after":"extra_message"}
[PMDRED_EU_PERSONALITY_FLOW] {"event":"QUIZ_TEXT_BEGIN","sequence":105,"frame":872,"context":"description:naive:5"}
[PMDRED_EU_PERSONALITY_FLOW] {"event":"QUIZ_TEXT_END","sequence":106,"frame":903,"context":"description:naive:5"}
[PMDRED_EU_PERSONALITY_FLOW] {"event":"QUIZ_CONTROL","sequence":107,"frame":903,"context":"description:naive","segment":6,"after":"extra_message"}
[PMDRED_EU_PERSONALITY_FLOW] {"event":"QUIZ_TEXT_BEGIN","sequence":108,"frame":903,"context":"description:naive:6"}
[PMDRED_EU_PERSONALITY_FLOW] {"event":"QUIZ_TEXT_END","sequence":109,"frame":936,"context":"description:naive:6"}
[PMDRED_EU_PERSONALITY_FLOW] {"event":"QUIZ_CONTROL","sequence":110,"frame":936,"context":"description:naive","segment":7,"after":"extra_message"}
[PMDRED_EU_PERSONALITY_FLOW] {"event":"QUIZ_TEXT_BEGIN","sequence":111,"frame":936,"context":"description:naive:7"}
[PMDRED_EU_PERSONALITY_FLOW] {"event":"QUIZ_TEXT_END","sequence":112,"frame":973,"context":"description:naive:7"}
[PMDRED_EU_PERSONALITY_FLOW] {"event":"QUIZ_CONTROL","sequence":113,"frame":973,"context":"description:naive","segment":8,"after":"end"}
[PMDRED_EU_PERSONALITY_FLOW] {"event":"QUIZ_TEXT_BEGIN","sequence":114,"frame":973,"context":"description:naive:8"}
[PMDRED_EU_PERSONALITY_FLOW] {"event":"QUIZ_TEXT_END","sequence":115,"frame":998,"context":"description:naive:8"}
[PMDRED_EU_PERSONALITY_FLOW] {"event":"QUIZ_RECOMMENDATION","sequence":116,"frame":998,"personality":"naive","species":"totodile","historical_gender_column":1,"new_era_non_binding":true}
[PMDRED_EU_PERSONALITY_FLOW] {"event":"SCREENSHOT_REQUESTED","sequence":117,"frame":998,"context":"recommendation_1"}
[PMDRED_EU_PERSONALITY_FLOW] {"event":"SCREENSHOT_COMPLETED","sequence":118,"frame":1000,"context":"recommendation_1"}
[PMDRED_EU_PERSONALITY_FLOW] {"event":"QUIZ_CHOICE_BEGIN","sequence":119,"frame":1000,"context":"recommendation_confirmation","choice_count":2}
[PMDRED_EU_PERSONALITY_FLOW] {"event":"QUIZ_CHOICE_END","sequence":120,"frame":1051,"context":"recommendation_confirmation","result":2}
[PMDRED_EU_PERSONALITY_FLOW] {"event":"QUIZ_RESTART","sequence":121,"frame":1051}
[PMDRED_EU_PERSONALITY_FLOW] {"event":"QUIZ_RNG","sequence":122,"frame":1051,"purpose":"question","value":3,"maximum":55}
[PMDRED_EU_PERSONALITY_FLOW] {"event":"QUIZ_RNG","sequence":123,"frame":1051,"purpose":"question","value":7,"maximum":55}
[PMDRED_EU_PERSONALITY_FLOW] {"event":"QUIZ_RNG","sequence":124,"frame":1051,"purpose":"question","value":11,"maximum":55}
[PMDRED_EU_PERSONALITY_FLOW] {"event":"QUIZ_RNG","sequence":125,"frame":1051,"purpose":"question","value":15,"maximum":55}
[PMDRED_EU_PERSONALITY_FLOW] {"event":"QUIZ_RNG","sequence":126,"frame":1051,"purpose":"question","value":19,"maximum":55}
[PMDRED_EU_PERSONALITY_FLOW] {"event":"QUIZ_RNG","sequence":127,"frame":1051,"purpose":"question","value":23,"maximum":55}
[PMDRED_EU_PERSONALITY_FLOW] {"event":"QUIZ_RNG","sequence":128,"frame":1051,"purpose":"question","value":27,"maximum":55}
[PMDRED_EU_PERSONALITY_FLOW] {"event":"QUIZ_RNG","sequence":129,"frame":1051,"purpose":"question","value":31,"maximum":55}
[PMDRED_EU_PERSONALITY_FLOW] {"event":"QUIZ_QUESTIONS_SELECTED","sequence":130,"frame":1051}
[PMDRED_EU_PERSONALITY_FLOW] {"event":"QUIZ_CHOICE_BEGIN","sequence":131,"frame":1051,"context":"question:hardy_4","choice_count":3}
[PMDRED_EU_PERSONALITY_FLOW] {"event":"QUIZ_CHOICE_END","sequence":132,"frame":1105,"context":"question:hardy_4","result":1}
[PMDRED_EU_PERSONALITY_FLOW] {"event":"QUIZ_ANSWER","sequence":133,"frame":1105,"question":"hardy_4","answer":1,"asked_index":1}
[PMDRED_EU_PERSONALITY_FLOW] {"event":"QUIZ_CHOICE_BEGIN","sequence":134,"frame":1105,"context":"question:docile_4","choice_count":3}
[PMDRED_EU_PERSONALITY_FLOW] {"event":"QUIZ_CHOICE_END","sequence":135,"frame":1174,"context":"question:docile_4","result":1}
[PMDRED_EU_PERSONALITY_FLOW] {"event":"QUIZ_ANSWER","sequence":136,"frame":1174,"question":"docile_4","answer":1,"asked_index":2}
[PMDRED_EU_PERSONALITY_FLOW] {"event":"QUIZ_CONTROL","sequence":137,"frame":1174,"context":"question:brave_4","segment":1,"after":"wait_press"}
[PMDRED_EU_PERSONALITY_FLOW] {"event":"QUIZ_TEXT_BEGIN","sequence":138,"frame":1174,"context":"question:brave_4:1"}
[PMDRED_EU_PERSONALITY_FLOW] {"event":"QUIZ_TEXT_END","sequence":139,"frame":1208,"context":"question:brave_4:1"}
[PMDRED_EU_PERSONALITY_FLOW] {"event":"QUIZ_CHOICE_BEGIN","sequence":140,"frame":1208,"context":"question:brave_4","choice_count":4}
[PMDRED_EU_PERSONALITY_FLOW] {"event":"QUIZ_CHOICE_END","sequence":141,"frame":1275,"context":"question:brave_4","result":1}
[PMDRED_EU_PERSONALITY_FLOW] {"event":"QUIZ_ANSWER","sequence":142,"frame":1275,"question":"brave_4","answer":1,"asked_index":3}
[PMDRED_EU_PERSONALITY_FLOW] {"event":"QUIZ_CONTROL","sequence":143,"frame":1275,"context":"question:jolly_4","segment":1,"after":"extra_message"}
[PMDRED_EU_PERSONALITY_FLOW] {"event":"QUIZ_TEXT_BEGIN","sequence":144,"frame":1275,"context":"question:jolly_4:1"}
[PMDRED_EU_PERSONALITY_FLOW] {"event":"QUIZ_TEXT_END","sequence":145,"frame":1303,"context":"question:jolly_4:1"}
[PMDRED_EU_PERSONALITY_FLOW] {"event":"QUIZ_CONTROL","sequence":146,"frame":1303,"context":"question:jolly_4","segment":2,"after":"wait_press"}
[PMDRED_EU_PERSONALITY_FLOW] {"event":"QUIZ_TEXT_BEGIN","sequence":147,"frame":1303,"context":"question:jolly_4:2"}
[PMDRED_EU_PERSONALITY_FLOW] {"event":"QUIZ_TEXT_END","sequence":148,"frame":1331,"context":"question:jolly_4:2"}
[PMDRED_EU_PERSONALITY_FLOW] {"event":"QUIZ_CHOICE_BEGIN","sequence":149,"frame":1331,"context":"question:jolly_4","choice_count":3}
[PMDRED_EU_PERSONALITY_FLOW] {"event":"QUIZ_CHOICE_END","sequence":150,"frame":1393,"context":"question:jolly_4","result":1}
[PMDRED_EU_PERSONALITY_FLOW] {"event":"QUIZ_ANSWER","sequence":151,"frame":1393,"question":"jolly_4","answer":1,"asked_index":4}
[PMDRED_EU_PERSONALITY_FLOW] {"event":"QUIZ_CHOICE_BEGIN","sequence":152,"frame":1393,"context":"question:impish_4","choice_count":3}
[PMDRED_EU_PERSONALITY_FLOW] {"event":"QUIZ_CHOICE_END","sequence":153,"frame":1460,"context":"question:impish_4","result":1}
[PMDRED_EU_PERSONALITY_FLOW] {"event":"QUIZ_ANSWER","sequence":154,"frame":1460,"question":"impish_4","answer":1,"asked_index":5}
[PMDRED_EU_PERSONALITY_FLOW] {"event":"QUIZ_CHOICE_BEGIN","sequence":155,"frame":1460,"context":"question:naive_4","choice_count":2}
[PMDRED_EU_PERSONALITY_FLOW] {"event":"QUIZ_CHOICE_END","sequence":156,"frame":1500,"context":"question:naive_4","result":1}
[PMDRED_EU_PERSONALITY_FLOW] {"event":"QUIZ_ANSWER","sequence":157,"frame":1500,"question":"naive_4","answer":1,"asked_index":6}
[PMDRED_EU_PERSONALITY_FLOW] {"event":"QUIZ_CHOICE_BEGIN","sequence":158,"frame":1500,"context":"question:timid_4","choice_count":3}
[PMDRED_EU_PERSONALITY_FLOW] {"event":"QUIZ_CHOICE_END","sequence":159,"frame":1554,"context":"question:timid_4","result":1}
[PMDRED_EU_PERSONALITY_FLOW] {"event":"QUIZ_ANSWER","sequence":160,"frame":1554,"question":"timid_4","answer":1,"asked_index":7}
[PMDRED_EU_PERSONALITY_FLOW] {"event":"QUIZ_CHOICE_BEGIN","sequence":161,"frame":1554,"context":"question:hasty_4","choice_count":3}
[PMDRED_EU_PERSONALITY_FLOW] {"event":"QUIZ_CHOICE_END","sequence":162,"frame":1625,"context":"question:hasty_4","result":1}
[PMDRED_EU_PERSONALITY_FLOW] {"event":"QUIZ_ANSWER","sequence":163,"frame":1625,"question":"hasty_4","answer":1,"asked_index":8}
[PMDRED_EU_PERSONALITY_FLOW] {"event":"QUIZ_CHOICE_BEGIN","sequence":164,"frame":1625,"context":"gender","choice_count":3}
[PMDRED_EU_PERSONALITY_FLOW] {"event":"QUIZ_CHOICE_END","sequence":165,"frame":1664,"context":"gender","result":2}
[PMDRED_EU_PERSONALITY_FLOW] {"event":"QUIZ_GENDER","sequence":166,"frame":1664,"choice":2}
[PMDRED_EU_PERSONALITY_FLOW] {"event":"QUIZ_RNG","sequence":167,"frame":1664,"purpose":"tie","value":4,"maximum":13}
[PMDRED_EU_PERSONALITY_FLOW] {"event":"QUIZ_PERSONALITY","sequence":168,"frame":1664,"personality":"brave","tie_start":4}
[PMDRED_EU_PERSONALITY_FLOW] {"event":"QUIZ_CONTROL","sequence":169,"frame":1664,"context":"description:brave","segment":1,"after":"wait_press"}
[PMDRED_EU_PERSONALITY_FLOW] {"event":"QUIZ_TEXT_BEGIN","sequence":170,"frame":1664,"context":"description:brave:1"}
[PMDRED_EU_PERSONALITY_FLOW] {"event":"QUIZ_TEXT_END","sequence":171,"frame":1678,"context":"description:brave:1"}
[PMDRED_EU_PERSONALITY_FLOW] {"event":"QUIZ_CONTROL","sequence":172,"frame":1678,"context":"description:brave","segment":2,"after":"extra_message"}
[PMDRED_EU_PERSONALITY_FLOW] {"event":"QUIZ_TEXT_BEGIN","sequence":173,"frame":1678,"context":"description:brave:2"}
[PMDRED_EU_PERSONALITY_FLOW] {"event":"QUIZ_TEXT_END","sequence":174,"frame":1689,"context":"description:brave:2"}
[PMDRED_EU_PERSONALITY_FLOW] {"event":"QUIZ_CONTROL","sequence":175,"frame":1689,"context":"description:brave","segment":3,"after":"wait_press"}
[PMDRED_EU_PERSONALITY_FLOW] {"event":"QUIZ_TEXT_BEGIN","sequence":176,"frame":1689,"context":"description:brave:3"}
[PMDRED_EU_PERSONALITY_FLOW] {"event":"QUIZ_TEXT_END","sequence":177,"frame":1711,"context":"description:brave:3"}
[PMDRED_EU_PERSONALITY_FLOW] {"event":"QUIZ_CONTROL","sequence":178,"frame":1711,"context":"description:brave","segment":4,"after":"wait_press"}
[PMDRED_EU_PERSONALITY_FLOW] {"event":"QUIZ_TEXT_BEGIN","sequence":179,"frame":1711,"context":"description:brave:4"}
[PMDRED_EU_PERSONALITY_FLOW] {"event":"QUIZ_TEXT_END","sequence":180,"frame":1726,"context":"description:brave:4"}
[PMDRED_EU_PERSONALITY_FLOW] {"event":"QUIZ_CONTROL","sequence":181,"frame":1726,"context":"description:brave","segment":5,"after":"extra_message"}
[PMDRED_EU_PERSONALITY_FLOW] {"event":"QUIZ_TEXT_BEGIN","sequence":182,"frame":1726,"context":"description:brave:5"}
[PMDRED_EU_PERSONALITY_FLOW] {"event":"QUIZ_TEXT_END","sequence":183,"frame":1750,"context":"description:brave:5"}
[PMDRED_EU_PERSONALITY_FLOW] {"event":"QUIZ_CONTROL","sequence":184,"frame":1750,"context":"description:brave","segment":6,"after":"extra_message"}
[PMDRED_EU_PERSONALITY_FLOW] {"event":"QUIZ_TEXT_BEGIN","sequence":185,"frame":1750,"context":"description:brave:6"}
[PMDRED_EU_PERSONALITY_FLOW] {"event":"QUIZ_TEXT_END","sequence":186,"frame":1768,"context":"description:brave:6"}
[PMDRED_EU_PERSONALITY_FLOW] {"event":"QUIZ_CONTROL","sequence":187,"frame":1768,"context":"description:brave","segment":7,"after":"extra_message"}
[PMDRED_EU_PERSONALITY_FLOW] {"event":"QUIZ_TEXT_BEGIN","sequence":188,"frame":1768,"context":"description:brave:7"}
[PMDRED_EU_PERSONALITY_FLOW] {"event":"QUIZ_TEXT_END","sequence":189,"frame":1776,"context":"description:brave:7"}
[PMDRED_EU_PERSONALITY_FLOW] {"event":"QUIZ_CONTROL","sequence":190,"frame":1776,"context":"description:brave","segment":8,"after":"wait_press"}
[PMDRED_EU_PERSONALITY_FLOW] {"event":"QUIZ_TEXT_BEGIN","sequence":191,"frame":1776,"context":"description:brave:8"}
[PMDRED_EU_PERSONALITY_FLOW] {"event":"QUIZ_TEXT_END","sequence":192,"frame":1789,"context":"description:brave:8"}
[PMDRED_EU_PERSONALITY_FLOW] {"event":"QUIZ_CONTROL","sequence":193,"frame":1789,"context":"description:brave","segment":9,"after":"wait_press"}
[PMDRED_EU_PERSONALITY_FLOW] {"event":"QUIZ_TEXT_BEGIN","sequence":194,"frame":1789,"context":"description:brave:9"}
[PMDRED_EU_PERSONALITY_FLOW] {"event":"QUIZ_TEXT_END","sequence":195,"frame":1808,"context":"description:brave:9"}
[PMDRED_EU_PERSONALITY_FLOW] {"event":"QUIZ_CONTROL","sequence":196,"frame":1808,"context":"description:brave","segment":10,"after":"extra_message"}
[PMDRED_EU_PERSONALITY_FLOW] {"event":"QUIZ_TEXT_BEGIN","sequence":197,"frame":1808,"context":"description:brave:10"}
[PMDRED_EU_PERSONALITY_FLOW] {"event":"QUIZ_TEXT_END","sequence":198,"frame":1826,"context":"description:brave:10"}
[PMDRED_EU_PERSONALITY_FLOW] {"event":"QUIZ_CONTROL","sequence":199,"frame":1826,"context":"description:brave","segment":11,"after":"wait_press"}
[PMDRED_EU_PERSONALITY_FLOW] {"event":"QUIZ_TEXT_BEGIN","sequence":200,"frame":1826,"context":"description:brave:11"}
[PMDRED_EU_PERSONALITY_FLOW] {"event":"QUIZ_TEXT_END","sequence":201,"frame":1831,"context":"description:brave:11"}
[PMDRED_EU_PERSONALITY_FLOW] {"event":"QUIZ_CONTROL","sequence":202,"frame":1831,"context":"description:brave","segment":12,"after":"wait_press"}
[PMDRED_EU_PERSONALITY_FLOW] {"event":"QUIZ_TEXT_BEGIN","sequence":203,"frame":1831,"context":"description:brave:12"}
[PMDRED_EU_PERSONALITY_FLOW] {"event":"QUIZ_TEXT_END","sequence":204,"frame":1843,"context":"description:brave:12"}
[PMDRED_EU_PERSONALITY_FLOW] {"event":"QUIZ_CONTROL","sequence":205,"frame":1843,"context":"description:brave","segment":13,"after":"extra_message"}
[PMDRED_EU_PERSONALITY_FLOW] {"event":"QUIZ_TEXT_BEGIN","sequence":206,"frame":1843,"context":"description:brave:13"}
[PMDRED_EU_PERSONALITY_FLOW] {"event":"QUIZ_TEXT_END","sequence":207,"frame":1864,"context":"description:brave:13"}
[PMDRED_EU_PERSONALITY_FLOW] {"event":"QUIZ_CONTROL","sequence":208,"frame":1864,"context":"description:brave","segment":14,"after":"end"}
[PMDRED_EU_PERSONALITY_FLOW] {"event":"QUIZ_TEXT_BEGIN","sequence":209,"frame":1864,"context":"description:brave:14"}
[PMDRED_EU_PERSONALITY_FLOW] {"event":"QUIZ_TEXT_END","sequence":210,"frame":1889,"context":"description:brave:14"}
[PMDRED_EU_PERSONALITY_FLOW] {"event":"QUIZ_RECOMMENDATION","sequence":211,"frame":1889,"personality":"brave","species":"charmander","historical_gender_column":2,"new_era_non_binding":true}
[PMDRED_EU_PERSONALITY_FLOW] {"event":"SCREENSHOT_REQUESTED","sequence":212,"frame":1889,"context":"recommendation_2"}
[PMDRED_EU_PERSONALITY_FLOW] {"event":"SCREENSHOT_COMPLETED","sequence":213,"frame":1891,"context":"recommendation_2"}
[PMDRED_EU_PERSONALITY_FLOW] {"event":"QUIZ_CHOICE_BEGIN","sequence":214,"frame":1891,"context":"recommendation_confirmation","choice_count":2}
[PMDRED_EU_PERSONALITY_FLOW] {"event":"QUIZ_CHOICE_END","sequence":215,"frame":1943,"context":"recommendation_confirmation","result":1}
[PMDRED_EU_PERSONALITY_FLOW] {"event":"QUIZ_CONTROL","sequence":216,"frame":1943,"context":"starter_reveal","segment":1,"after":"end"}
[PMDRED_EU_PERSONALITY_FLOW] {"event":"QUIZ_TEXT_BEGIN","sequence":217,"frame":1943,"context":"starter_reveal:1"}
[PMDRED_EU_PERSONALITY_FLOW] {"event":"QUIZ_TEXT_END","sequence":218,"frame":1961,"context":"starter_reveal:1"}
[PMDRED_EU_PERSONALITY_FLOW] {"event":"QUIZ_COMPLETE","sequence":219,"frame":1961,"personality":"brave","recommendation":"charmander"}
[PMDRED_EU_PERSONALITY_FLOW] {"event":"FLOW_RESULT_ASSERTED","sequence":220,"frame":1961,"choice":2,"personality":"brave","recommendation":"charmander"}
[PMDRED_EU_PERSONALITY_FLOW] {"event":"CATALOGUE_ASSERTED","sequence":221,"frame":1961,"context":"move_never_filter","species":"charmander"}
[PMDRED_EU_PERSONALITY_FLOW] {"event":"QUIZ_CONTROL","sequence":222,"frame":1961,"context":"partner_prompt","segment":1,"after":"wait_press"}
[PMDRED_EU_PERSONALITY_FLOW] {"event":"QUIZ_TEXT_BEGIN","sequence":223,"frame":1961,"context":"partner_prompt:1"}
[PMDRED_EU_PERSONALITY_FLOW] {"event":"QUIZ_TEXT_END","sequence":224,"frame":1977,"context":"partner_prompt:1"}
[PMDRED_EU_PERSONALITY_FLOW] {"event":"QUIZ_CONTROL","sequence":225,"frame":1977,"context":"partner_prompt","segment":2,"after":"extra_message"}
[PMDRED_EU_PERSONALITY_FLOW] {"event":"QUIZ_TEXT_BEGIN","sequence":226,"frame":1977,"context":"partner_prompt:2"}
[PMDRED_EU_PERSONALITY_FLOW] {"event":"QUIZ_TEXT_END","sequence":227,"frame":1994,"context":"partner_prompt:2"}
[PMDRED_EU_PERSONALITY_FLOW] {"event":"QUIZ_CONTROL","sequence":228,"frame":1994,"context":"partner_prompt","segment":3,"after":"end"}
[PMDRED_EU_PERSONALITY_FLOW] {"event":"QUIZ_TEXT_BEGIN","sequence":229,"frame":1994,"context":"partner_prompt:3"}
[PMDRED_EU_PERSONALITY_FLOW] {"event":"QUIZ_TEXT_END","sequence":230,"frame":2034,"context":"partner_prompt:3"}
[PMDRED_EU_PERSONALITY_FLOW] {"event":"PARTNER_NICKNAME_ASSERTED","sequence":231,"frame":2034,"context":"Quel sera le nom de votre | partenaire?"}
[PMDRED_EU_PERSONALITY_FLOW] {"event":"QUIZ_CONTROL","sequence":232,"frame":2034,"context":"end_text","segment":1,"after":"extra_message"}
[PMDRED_EU_PERSONALITY_FLOW] {"event":"QUIZ_TEXT_BEGIN","sequence":233,"frame":2034,"context":"end_text:1"}
[PMDRED_EU_PERSONALITY_FLOW] {"event":"QUIZ_TEXT_END","sequence":234,"frame":2048,"context":"end_text:1"}
[PMDRED_EU_PERSONALITY_FLOW] {"event":"QUIZ_CONTROL","sequence":235,"frame":2048,"context":"end_text","segment":2,"after":"extra_message"}
[PMDRED_EU_PERSONALITY_FLOW] {"event":"QUIZ_TEXT_BEGIN","sequence":236,"frame":2048,"context":"end_text:2"}
[PMDRED_EU_PERSONALITY_FLOW] {"event":"QUIZ_TEXT_END","sequence":237,"frame":2079,"context":"end_text:2"}
[PMDRED_EU_PERSONALITY_FLOW] {"event":"QUIZ_CONTROL","sequence":238,"frame":2079,"context":"end_text","segment":3,"after":"end"}
[PMDRED_EU_PERSONALITY_FLOW] {"event":"QUIZ_TEXT_BEGIN","sequence":239,"frame":2079,"context":"end_text:3"}
[PMDRED_EU_PERSONALITY_FLOW] {"event":"QUIZ_TEXT_END","sequence":240,"frame":2087,"context":"end_text:3"}
[PMDRED_EU_PERSONALITY_FLOW] {"event":"QUIZ_BGM_FADEOUT","sequence":241,"frame":2087,"frames":30}
[PMDRED_EU_PERSONALITY_FLOW] {"event":"QUIZ_PALETTE_FADE_OUT_BEGIN","sequence":242,"frame":2087,"frames":30,"source_opcode":"CMD_BYTE_23"}
[PMDRED_EU_PERSONALITY_FLOW] {"event":"QUIZ_PALETTE_FADE_OUT_END","sequence":243,"frame":2117,"frames":30}
[PMDRED_EU_PERSONALITY_FLOW] {"event":"FLOW_TIMELINE_COMPLETE","sequence":244,"frame":2117,"context":"production_module_injected_choices"}
[PMDRED_EU_PERSONALITY_FLOW] {"event":"RUNTIME_RESULT","sequence":245,"frame":2117,"result":"PASS"}
[PMDRED_EU_PERSONALITY_FLOW] {"event":"end","sequence":246,"frame":2117,"context":"normal_unload_requested"}

<!> DebugTools: Deinit..

<!> ConfigTools: Deinit..
