Loading default script variable values..
Script variables default values loaded! [build 2026-08-04-K]
DebugTools:initialize()
MenuTools:initialize()
UpgradeTools:initialize()
ConfigTools:initialize()
NREProbe:initialize()
[NREPROBE] build 2026-08-04-K charge (main.lua) — PREMIERE ligne attendue, au LANCEMENT du jeu. Si absente: la copie du mod chargee par le jeu n est PAS celle du depot.

<!> DebugTools: Init..

<!> ConfigTools: Init..
[NREPROBE] service nre_probe ACTIF (EngineServiceEvents.Init) — build 2026-07-27-C
[TINY_WOODS_ROUTE] {"event":"bootstrap_new_game","mode":"defeat_retry","seed":424242}
Loading default script variable values..
Script variables default values loaded! [build 2026-08-04-K]
[NREPROBE] LoadSavedData <-- sauvegarde chargee (menu Continuer) | zone= seg=? map=? | Save.Team=0 leader=<nil> | DungeonMap=nil TeamAttachee=n/a foes=n/a

<!> ExampleSvc: Preparing debug save file
[DevUnlock] exclu: barren_tundra
[DevUnlock] exclu: bravery_road
[DevUnlock] exclu: cave_of_solace
[DevUnlock] exclu: cave_of_whispers
[DevUnlock] exclu: debug_zone
[DevUnlock] exclu: deserted_fortress
[DevUnlock] exclu: energy_garden
[DevUnlock] exclu: eon_island
[DevUnlock] exclu: guildmaster_island
[DevUnlock] exclu: hope_road
[DevUnlock] exclu: inscribed_cave
[DevUnlock] exclu: labyrinth_of_the_lost
[DevUnlock] exclu: master_zone
[DevUnlock] exclu: prism_isles
[DevUnlock] exclu: royal_halls
[DevUnlock] exclu: sacred_tower
[DevUnlock] exclu: starfall_heights
[DevUnlock] exclu: the_abyss
[DevUnlock] exclu: the_sky
[DevUnlock] exclu: training_maze
[DevUnlock] exclu: uncharted_waters
[DevUnlock] exclu: wisdom_road
[NREPROBE] NewGame | zone= seg=? map=? | Save.Team=4 leader=BIG_AF_NAME | DungeonMap=nil TeamAttachee=n/a foes=n/a
=>> Init_master_zone
[NREPROBE] ZoneInit | zone=master_zone seg=-1 map=-1 | Save.Team=4 leader=BIG_AF_NAME | DungeonMap=nil TeamAttachee=n/a foes=n/a
[NREPROBE] DungeonSegmentStart (Lua EnterSegment va tourner) | zone=master_zone seg=-1 map=-1 | Save.Team=4 leader=BIG_AF_NAME | DungeonMap=nil TeamAttachee=n/a foes=n/a
[NREPROBE] GroundModeBegin | zone=master_zone seg=-1 map=308 | Save.Team=4 leader=BIG_AF_NAME | DungeonMap=nil TeamAttachee=n/a foes=n/a
[NREPROBE] GroundMapEnter | zone=master_zone seg=-1 map=308 | Save.Team=4 leader=BIG_AF_NAME | DungeonMap=nil TeamAttachee=n/a foes=n/a
[TINY_WOODS_ROUTE] {"event":"ground_route","ground":"d01p01","group":"g1","visit":1,"hero_x":200,"hero_y":196,"direction":"Down: 0"}
[TINY_WOODS_ROUTE] {"event":"attempt_started","attempt":1,"seed":424242}
[NREPROBE] GroundMapExit | zone=master_zone seg=-1 map=308 | Save.Team=4 leader=BIG_AF_NAME | DungeonMap=nil TeamAttachee=n/a foes=n/a
=>_ENV pre-cleanup:178
=>_ENV post cleanup:177
[NREPROBE] GroundModeEnd | zone=master_zone seg=-1 map=-1 | Save.Team=4 leader=BIG_AF_NAME | DungeonMap=nil TeamAttachee=n/a foes=n/a
=>_ENV pre-cleanup:177
=>_ENV post cleanup:176
[NREPROBE] ZoneInit | zone=tiny_woods seg=-1 map=-1 | Save.Team=4 leader=BIG_AF_NAME | DungeonMap=nil TeamAttachee=n/a foes=n/a
Checking Mission: 1
Checking Mission: 2
Checking Mission: 3
Checking Mission: 4
Checking Mission: 5
Checking Mission: 6
Checking Mission: 7
Checking Mission: 8
[NREPROBE] DungeonSegmentStart (Lua EnterSegment va tourner) | zone=tiny_woods seg=-1 map=-1 | Save.Team=4 leader=BIG_AF_NAME | DungeonMap=nil TeamAttachee=n/a foes=n/a
[NREPROBE] DungeonModeBegin | zone=tiny_woods seg=0 map=0 | Save.Team=4 leader=BIG_AF_NAME | DungeonMap= TeamAttachee=NON <- IsGameOver() CRASHERAIT ICI foes=2
[NREPROBE] DungeonMapInit map= | zone=tiny_woods seg=0 map=0 | Save.Team=4 leader=BIG_AF_NAME | DungeonMap= TeamAttachee=OUI(4) foes=2
[NREPROBE] DungeonFloorEnter <-- equipe DOIT etre attachee ici | zone=tiny_woods seg=0 map=0 | Save.Team=4 leader=BIG_AF_NAME | DungeonMap= TeamAttachee=OUI(4) foes=2
[TINY_WOODS_ROUTE] {"event":"dungeon_floor_entered","floor":0,"visit":1,"attempt":1,"mode":"defeat_retry"}
[TINY_WOODS_ROUTE] {"event":"failed_result_action","result":"Failed","argument":1}
[TINY_WOODS_ROUTE] {"event":"player_action","number":1,"kind":"GiveUp","direction":"None","floor":0,"native_type":"GiveUp: 20","native_direction":"None: -1","native_argument0":"1"}
[TINY_WOODS_ROUTE] {"event":"native_action_queue","number":1,"current_scene":"RogueEssence.Dungeon.DungeonScene: 10915062","dungeon_scene":true,"player_turn":true,"leader_turn":true,"animations_over":true,"current_character":"turtwig: 65989324","scene_outcome":"nil"}
[TINY_WOODS_ROUTE] {"event":"defeat_message_log","menu_count":1,"action":"native_close"}
[TINY_WOODS_ROUTE] {"event":"native_action_consumed","number":1,"scene_outcome":"nil"}
[NREPROBE] DungeonSegmentEnd (Lua ExitSegment a tourne) | zone=tiny_woods seg=0 map=0 | Save.Team=4 leader=BIG_AF_NAME | DungeonMap= TeamAttachee=OUI(4) foes=2
[NREPROBE] DungeonFloorExit | zone=tiny_woods seg=0 map=0 | Save.Team=4 leader=BIG_AF_NAME | DungeonMap= TeamAttachee=OUI(4) foes=2
[NREPROBE] DungeonModeEnd  <-- ExitFloor vient de detacher l equipe (normal) | zone=tiny_woods seg=-1 map=-1 | Save.Team=4 leader=BIG_AF_NAME | DungeonMap=nil TeamAttachee=n/a foes=n/a
Checking Mission: 1
Checking Mission: 2
Checking Mission: 3
Checking Mission: 4
Checking Mission: 5
Checking Mission: 6
Checking Mission: 7
Checking Mission: 8
[NREPROBE] DungeonSegmentStart (Lua EnterSegment va tourner) | zone=tiny_woods seg=-1 map=-1 | Save.Team=4 leader=BIG_AF_NAME | DungeonMap=nil TeamAttachee=n/a foes=n/a
[NREPROBE] GroundModeBegin | zone=tiny_woods seg=-1 map=0 | Save.Team=4 leader=BIG_AF_NAME | DungeonMap=nil TeamAttachee=n/a foes=n/a
[NREPROBE] GroundMapEnter | zone=tiny_woods seg=-1 map=0 | Save.Team=4 leader=BIG_AF_NAME | DungeonMap=nil TeamAttachee=n/a foes=n/a
[TINY_WOODS_ROUTE] {"event":"ground_route","ground":"d01p01","group":"g2","visit":2,"hero_x":200,"hero_y":196,"direction":"Down: 0"}
[TINY_WOODS_ROUTE] {"event":"attempt_started","attempt":2,"seed":424242}
[NREPROBE] GroundMapExit | zone=tiny_woods seg=-1 map=0 | Save.Team=4 leader=BIG_AF_NAME | DungeonMap=nil TeamAttachee=n/a foes=n/a
=>_ENV pre-cleanup:179
=>_ENV post cleanup:178
[NREPROBE] GroundModeEnd | zone=tiny_woods seg=-1 map=-1 | Save.Team=4 leader=BIG_AF_NAME | DungeonMap=nil TeamAttachee=n/a foes=n/a
=>_ENV pre-cleanup:178
=>_ENV post cleanup:177
[NREPROBE] ZoneInit | zone=tiny_woods seg=-1 map=-1 | Save.Team=4 leader=BIG_AF_NAME | DungeonMap=nil TeamAttachee=n/a foes=n/a
Checking Mission: 1
Checking Mission: 2
Checking Mission: 3
Checking Mission: 4
Checking Mission: 5
Checking Mission: 6
Checking Mission: 7
Checking Mission: 8
[NREPROBE] DungeonSegmentStart (Lua EnterSegment va tourner) | zone=tiny_woods seg=-1 map=-1 | Save.Team=4 leader=BIG_AF_NAME | DungeonMap=nil TeamAttachee=n/a foes=n/a
[NREPROBE] DungeonModeBegin | zone=tiny_woods seg=0 map=0 | Save.Team=4 leader=BIG_AF_NAME | DungeonMap= TeamAttachee=NON <- IsGameOver() CRASHERAIT ICI foes=2
[NREPROBE] DungeonMapInit map= | zone=tiny_woods seg=0 map=0 | Save.Team=4 leader=BIG_AF_NAME | DungeonMap= TeamAttachee=OUI(4) foes=2
[NREPROBE] DungeonFloorEnter <-- equipe DOIT etre attachee ici | zone=tiny_woods seg=0 map=0 | Save.Team=4 leader=BIG_AF_NAME | DungeonMap= TeamAttachee=OUI(4) foes=2
[TINY_WOODS_ROUTE] {"event":"dungeon_floor_entered","floor":0,"visit":2,"attempt":2,"mode":"defeat_retry"}
[TINY_WOODS_ROUTE] {"event":"scenario_verdict","mode":"defeat_retry","verdict":"PASS","attempts":2,"defeats":1,"floors_entered":2,"floors_cleared":0,"rescue_complete":false,"actions":1,"replans":0,"occupancy_replans":0,"hostile_blocks":0,"ally_blocks":0}
[TINY_WOODS_ROUTE] {"event":"load_phase_unload_requested","before":"Ready","before_raw":"Ready: 2","requested":"Unload","readback":"Unload","readback_raw":"Unload: 3"}

<!> DebugTools: Deinit..

<!> ConfigTools: Deinit..
[TINY_WOODS_ROUTE] {"event":"native_deinit","load_phase":"Unload","load_phase_raw":"Unload: 3"}
[TINY_WOODS_ROUTE] {"event":"native_graphics_unload","load_phase":"Unload","load_phase_raw":"Unload: 3"}
[TINY_WOODS_ROUTE] {"event":"end","terminal":true,"graceful":true,"load_phase":"Unload","load_phase_raw":"Unload: 3"}
