Loading default script variable values..
Script variables default values loaded! [build 2026-08-04-K]
DebugTools:initialize()
MenuTools:initialize()
UpgradeTools:initialize()
ConfigTools:initialize()
NREProbe:initialize()
[NREPROBE] build 2026-08-04-K charge (main.lua) — PREMIERE ligne attendue, au LANCEMENT du jeu. Si absente: la copie du mod chargee par le jeu n est PAS celle du depot.

<!> DebugTools: Init..

<!> ConfigTools: Init..
[NREPROBE] service nre_probe ACTIF (EngineServiceEvents.Init) — build 2026-07-27-C
[TINY_WOODS_NATIVE] {"event":"bootstrap_new_game","seed":424242,"requested_floor":2}
Loading default script variable values..
Script variables default values loaded! [build 2026-08-04-K]
[NREPROBE] LoadSavedData <-- sauvegarde chargee (menu Continuer) | zone= seg=? map=? | Save.Team=0 leader=<nil> | DungeonMap=nil TeamAttachee=n/a foes=n/a

<!> ExampleSvc: Preparing debug save file
[DevUnlock] exclu: barren_tundra
[DevUnlock] exclu: bravery_road
[DevUnlock] exclu: cave_of_solace
[DevUnlock] exclu: cave_of_whispers
[DevUnlock] exclu: debug_zone
[DevUnlock] exclu: deserted_fortress
[DevUnlock] exclu: energy_garden
[DevUnlock] exclu: eon_island
[DevUnlock] exclu: guildmaster_island
[DevUnlock] exclu: hope_road
[DevUnlock] exclu: inscribed_cave
[DevUnlock] exclu: labyrinth_of_the_lost
[DevUnlock] exclu: master_zone
[DevUnlock] exclu: prism_isles
[DevUnlock] exclu: royal_halls
[DevUnlock] exclu: sacred_tower
[DevUnlock] exclu: starfall_heights
[DevUnlock] exclu: the_abyss
[DevUnlock] exclu: the_sky
[DevUnlock] exclu: training_maze
[DevUnlock] exclu: uncharted_waters
[DevUnlock] exclu: wisdom_road
[NREPROBE] NewGame | zone= seg=? map=? | Save.Team=4 leader=BIG_AF_NAME | DungeonMap=nil TeamAttachee=n/a foes=n/a
=>> Init_master_zone
[NREPROBE] ZoneInit | zone=master_zone seg=-1 map=-1 | Save.Team=4 leader=BIG_AF_NAME | DungeonMap=nil TeamAttachee=n/a foes=n/a
[NREPROBE] DungeonSegmentStart (Lua EnterSegment va tourner) | zone=master_zone seg=-1 map=-1 | Save.Team=4 leader=BIG_AF_NAME | DungeonMap=nil TeamAttachee=n/a foes=n/a
[NREPROBE] GroundModeBegin | zone=master_zone seg=-1 map=308 | Save.Team=4 leader=BIG_AF_NAME | DungeonMap=nil TeamAttachee=n/a foes=n/a
[NREPROBE] GroundMapEnter | zone=master_zone seg=-1 map=308 | Save.Team=4 leader=BIG_AF_NAME | DungeonMap=nil TeamAttachee=n/a foes=n/a
[TINY_WOODS_NATIVE] {"event":"launcher_ground_entered","scheduler":"MAP_UPDATE_BRANCH"}
[TINY_WOODS_NATIVE] {"event":"launcher_map_update"}
[TINY_WOODS_NATIVE] {"event":"launcher_coroutine_started"}
[NREPROBE] GroundMapExit | zone=master_zone seg=-1 map=308 | Save.Team=4 leader=BIG_AF_NAME | DungeonMap=nil TeamAttachee=n/a foes=n/a
=>_ENV pre-cleanup:178
=>_ENV post cleanup:177
[NREPROBE] GroundModeEnd | zone=master_zone seg=-1 map=-1 | Save.Team=4 leader=BIG_AF_NAME | DungeonMap=nil TeamAttachee=n/a foes=n/a
=>_ENV pre-cleanup:177
=>_ENV post cleanup:176
[NREPROBE] ZoneInit | zone=tiny_woods seg=-1 map=-1 | Save.Team=4 leader=BIG_AF_NAME | DungeonMap=nil TeamAttachee=n/a foes=n/a
[NREPROBE] DungeonSegmentStart (Lua EnterSegment va tourner) | zone=tiny_woods seg=-1 map=-1 | Save.Team=4 leader=BIG_AF_NAME | DungeonMap=nil TeamAttachee=n/a foes=n/a
[NREPROBE] DungeonModeBegin | zone=tiny_woods seg=0 map=2 | Save.Team=4 leader=BIG_AF_NAME | DungeonMap= TeamAttachee=NON <- IsGameOver() CRASHERAIT ICI foes=2
[NREPROBE] DungeonMapInit map= | zone=tiny_woods seg=0 map=2 | Save.Team=4 leader=BIG_AF_NAME | DungeonMap= TeamAttachee=OUI(4) foes=2
[NREPROBE] DungeonFloorEnter <-- equipe DOIT etre attachee ici | zone=tiny_woods seg=0 map=2 | Save.Team=4 leader=BIG_AF_NAME | DungeonMap= TeamAttachee=OUI(4) foes=2
[TINY_WOODS_NATIVE] {"event":"floor_probe","bootstrap_seed":424242,"adventure_seed":-1107708364122780684,"map_seed":9117432640937620407,"requested_floor":2,"zone":"tiny_woods","segment":0,"map":2,"width":28,"height":32,"music":"Tiny Woods.ogg","start":{"x":19,"y":20},"entries":[{"x":19,"y":20}],"terrain":{"floor":331,"wall":565},"effects":{"stairs_go_up":1},"walkable":331,"reachable":331,"all_walkable_reachable":true,"stairs":[{"id":"stairs_go_up","x":12,"y":4,"reachable":true,"distance":27}],"shortest_stair_route":27,"items":[{"id":"berry_oran","money":false,"amount":0,"x":18,"y":29,"reachable":true}],"mobs":[{"species":"exeggcute","level":1,"x":12,"y":5,"reachable":true},{"species":"sunkern","level":1,"x":21,"y":10,"reachable":true}],"mob_count":2,"traps":0,"verdict":"PASS"}
[TINY_WOODS_NATIVE] {"event":"load_phase_unload_requested","before":"Ready","before_raw":"Ready: 2","requested":"Unload","readback":"Unload","readback_raw":"Unload: 3"}

<!> DebugTools: Deinit..

<!> ConfigTools: Deinit..
[TINY_WOODS_NATIVE] {"event":"native_deinit","load_phase":"Unload","load_phase_raw":"Unload: 3"}
[TINY_WOODS_NATIVE] {"event":"native_graphics_unload","load_phase":"Unload","load_phase_raw":"Unload: 3"}
[TINY_WOODS_NATIVE] {"event":"end","terminal":true,"graceful":true,"load_phase":"Unload","load_phase_raw":"Unload: 3"}
