Loading default script variable values..
Script variables default values loaded! [build 2026-08-04-K]
DebugTools:initialize()
MenuTools:initialize()
UpgradeTools:initialize()
ConfigTools:initialize()
NREProbe:initialize()
[NREPROBE] build 2026-08-04-K charge (main.lua) — PREMIERE ligne attendue, au LANCEMENT du jeu. Si absente: la copie du mod chargee par le jeu n est PAS celle du depot.

<!> DebugTools: Init..

<!> ConfigTools: Init..
[NREPROBE] service nre_probe ACTIF (EngineServiceEvents.Init) — build 2026-07-27-C
[PMDRED_EFOB108_ATTACHMENT] {"event":"bootstrap_new_game","seed":424242,"validator":"pmdred_efob108_attachment_fixture"}
Loading default script variable values..
Script variables default values loaded! [build 2026-08-04-K]
[NREPROBE] LoadSavedData <-- sauvegarde chargee (menu Continuer) | zone= seg=? map=? | Save.Team=0 leader=<nil> | DungeonMap=nil TeamAttachee=n/a foes=n/a

<!> ExampleSvc: Preparing debug save file
[DevUnlock] exclu: barren_tundra
[DevUnlock] exclu: bravery_road
[DevUnlock] exclu: cave_of_solace
[DevUnlock] exclu: cave_of_whispers
[DevUnlock] exclu: debug_zone
[DevUnlock] exclu: deserted_fortress
[DevUnlock] exclu: energy_garden
[DevUnlock] exclu: eon_island
[DevUnlock] exclu: guildmaster_island
[DevUnlock] exclu: hope_road
[DevUnlock] exclu: inscribed_cave
[DevUnlock] exclu: labyrinth_of_the_lost
[DevUnlock] exclu: master_zone
[DevUnlock] exclu: prism_isles
[DevUnlock] exclu: royal_halls
[DevUnlock] exclu: sacred_tower
[DevUnlock] exclu: starfall_heights
[DevUnlock] exclu: the_abyss
[DevUnlock] exclu: the_sky
[DevUnlock] exclu: training_maze
[DevUnlock] exclu: uncharted_waters
[DevUnlock] exclu: wisdom_road
[NREPROBE] NewGame | zone= seg=? map=? | Save.Team=4 leader=BIG_AF_NAME | DungeonMap=nil TeamAttachee=n/a foes=n/a
[PMDRED_EFOB108_ATTACHMENT] {"event":"route_staged","attempts":1,"floors_cleared":3,"floors_entered":3,"status":"cleared"}
[NREPROBE] ZoneInit | zone=tiny_woods seg=-1 map=-1 | Save.Team=4 leader=BIG_AF_NAME | DungeonMap=nil TeamAttachee=n/a foes=n/a
Checking Mission: 1
Checking Mission: 2
Checking Mission: 3
Checking Mission: 4
Checking Mission: 5
Checking Mission: 6
Checking Mission: 7
Checking Mission: 8
[NREPROBE] DungeonSegmentStart (Lua EnterSegment va tourner) | zone=tiny_woods seg=-1 map=-1 | Save.Team=4 leader=BIG_AF_NAME | DungeonMap=nil TeamAttachee=n/a foes=n/a
[NREPROBE] GroundModeBegin | zone=tiny_woods seg=-1 map=1 | Save.Team=4 leader=BIG_AF_NAME | DungeonMap=nil TeamAttachee=n/a foes=n/a
[NREPROBE] GroundMapEnter | zone=tiny_woods seg=-1 map=1 | Save.Team=4 leader=BIG_AF_NAME | DungeonMap=nil TeamAttachee=n/a foes=n/a
[PMDRED_EFOB108_ATTACHMENT] {"event":"ground_enter","ground":"d01p02","visit":1}
[PMDRED_EFOB108_ATTACHMENT] {"event":"fixture_begin","actor":"CATERPIE","initial_direction":"Up: 4","initial_x":180,"initial_y":148,"species":"caterpie"}
[PMDRED_EFOB108_ATTACHMENT] {"event":"terminal_walk_sample","action_time_frames":28,"anim_id":2,"anim_total_time_frames":30,"candidate":"eu_center_literal","complete":false,"current_action_identity":true,"direction":"Down: 0","native_type":"RogueEssence.Ground.IdleAnimGroundAction","placement_x":180,"placement_y":148,"terminal_head_x":187,"terminal_head_y":161,"walk_anim_id":2}
[PMDRED_EFOB108_ATTACHMENT] {"event":"terminal_walk_completion","action_time_frames":30,"anim_id":2,"anim_total_time_frames":30,"candidate":"eu_center_literal","complete":true,"current_action_identity":true,"native_type":"RogueEssence.Ground.IdleAnimGroundAction","terminal_head_x":187,"terminal_head_y":161}
[PMDRED_EFOB108_ATTACHMENT] {"event":"terminal_walk_sample","action_time_frames":28,"anim_id":2,"anim_total_time_frames":30,"candidate":"pmdo_top_left_normalized","complete":false,"current_action_identity":true,"direction":"Down: 0","native_type":"RogueEssence.Ground.IdleAnimGroundAction","placement_x":172,"placement_y":140,"terminal_head_x":179,"terminal_head_y":153,"walk_anim_id":2}
[PMDRED_EFOB108_ATTACHMENT] {"event":"attachment_started","actor":"CATERPIE","actor_loc_height":0,"anim_index":"PMDRed_Efob108","cycles":1,"draw_height":128,"draw_width":128,"duration_frames":26,"effect_center_x":179,"effect_center_y":149,"frame_time":2,"head_x":179,"head_y":153,"loc_height":4,"native_type":"RogueEssence.Content.Emote","selected_frames":13}
[PMDRED_EFOB108_ATTACHMENT] {"event":"attachment_frame","effect_center_x":179,"effect_center_y":149,"elapsed_frames":0,"finished":false,"head_x":179,"head_y":153,"selected_frame":0,"terminal_walk_current":true}
[PMDRED_EFOB108_ATTACHMENT] {"event":"attachment_frame","effect_center_x":179,"effect_center_y":149,"elapsed_frames":1,"finished":false,"head_x":179,"head_y":153,"selected_frame":0,"terminal_walk_current":true}
[PMDRED_EFOB108_ATTACHMENT] {"event":"attachment_frame","effect_center_x":179,"effect_center_y":149,"elapsed_frames":2,"finished":false,"head_x":179,"head_y":153,"selected_frame":1,"terminal_walk_current":true}
[PMDRED_EFOB108_ATTACHMENT] {"event":"attachment_frame","effect_center_x":179,"effect_center_y":149,"elapsed_frames":3,"finished":false,"head_x":179,"head_y":153,"selected_frame":1,"terminal_walk_current":true}
[PMDRED_EFOB108_ATTACHMENT] {"event":"attachment_frame","effect_center_x":179,"effect_center_y":149,"elapsed_frames":4,"finished":false,"head_x":179,"head_y":153,"selected_frame":2,"terminal_walk_current":true}
[PMDRED_EFOB108_ATTACHMENT] {"event":"attachment_frame","effect_center_x":179,"effect_center_y":149,"elapsed_frames":5,"finished":false,"head_x":179,"head_y":153,"selected_frame":2,"terminal_walk_current":true}
[PMDRED_EFOB108_ATTACHMENT] {"event":"attachment_frame","effect_center_x":179,"effect_center_y":149,"elapsed_frames":6,"finished":false,"head_x":179,"head_y":153,"selected_frame":3,"terminal_walk_current":true}
[PMDRED_EFOB108_ATTACHMENT] {"event":"attachment_frame","effect_center_x":179,"effect_center_y":149,"elapsed_frames":7,"finished":false,"head_x":179,"head_y":153,"selected_frame":3,"terminal_walk_current":true}
[PMDRED_EFOB108_ATTACHMENT] {"event":"attachment_frame","effect_center_x":179,"effect_center_y":149,"elapsed_frames":8,"finished":false,"head_x":179,"head_y":153,"selected_frame":4,"terminal_walk_current":true}
[PMDRED_EFOB108_ATTACHMENT] {"event":"attachment_frame","effect_center_x":179,"effect_center_y":149,"elapsed_frames":9,"finished":false,"head_x":179,"head_y":153,"selected_frame":4,"terminal_walk_current":true}
[PMDRED_EFOB108_ATTACHMENT] {"event":"attachment_frame","effect_center_x":179,"effect_center_y":149,"elapsed_frames":10,"finished":false,"head_x":179,"head_y":153,"selected_frame":5,"terminal_walk_current":true}
[PMDRED_EFOB108_ATTACHMENT] {"event":"attachment_frame","effect_center_x":179,"effect_center_y":149,"elapsed_frames":11,"finished":false,"head_x":179,"head_y":153,"selected_frame":5,"terminal_walk_current":true}
[PMDRED_EFOB108_ATTACHMENT] {"event":"attachment_frame","effect_center_x":179,"effect_center_y":149,"elapsed_frames":12,"finished":false,"head_x":179,"head_y":153,"selected_frame":6,"terminal_walk_current":true}
[PMDRED_EFOB108_ATTACHMENT] {"event":"attachment_frame","effect_center_x":179,"effect_center_y":149,"elapsed_frames":13,"finished":false,"head_x":179,"head_y":153,"selected_frame":6,"terminal_walk_current":true}
[PMDRED_EFOB108_ATTACHMENT] {"event":"attachment_frame","effect_center_x":179,"effect_center_y":149,"elapsed_frames":14,"finished":false,"head_x":179,"head_y":153,"selected_frame":7,"terminal_walk_current":true}
[PMDRED_EFOB108_ATTACHMENT] {"event":"attachment_frame","effect_center_x":179,"effect_center_y":149,"elapsed_frames":15,"finished":false,"head_x":179,"head_y":153,"selected_frame":7,"terminal_walk_current":true}
[PMDRED_EFOB108_ATTACHMENT] {"event":"attachment_frame","effect_center_x":179,"effect_center_y":149,"elapsed_frames":16,"finished":false,"head_x":179,"head_y":153,"selected_frame":8,"terminal_walk_current":true}
[PMDRED_EFOB108_ATTACHMENT] {"event":"attachment_frame","effect_center_x":179,"effect_center_y":149,"elapsed_frames":17,"finished":false,"head_x":179,"head_y":153,"selected_frame":8,"terminal_walk_current":true}
[PMDRED_EFOB108_ATTACHMENT] {"event":"attachment_frame","effect_center_x":179,"effect_center_y":149,"elapsed_frames":18,"finished":false,"head_x":179,"head_y":153,"selected_frame":9,"terminal_walk_current":true}
[PMDRED_EFOB108_ATTACHMENT] {"event":"attachment_frame","effect_center_x":179,"effect_center_y":149,"elapsed_frames":19,"finished":false,"head_x":179,"head_y":153,"selected_frame":9,"terminal_walk_current":true}
[PMDRED_EFOB108_ATTACHMENT] {"event":"attachment_frame","effect_center_x":179,"effect_center_y":149,"elapsed_frames":20,"finished":false,"head_x":179,"head_y":153,"selected_frame":10,"terminal_walk_current":true}
[PMDRED_EFOB108_ATTACHMENT] {"event":"attachment_frame","effect_center_x":179,"effect_center_y":149,"elapsed_frames":21,"finished":false,"head_x":179,"head_y":153,"selected_frame":10,"terminal_walk_current":true}
[PMDRED_EFOB108_ATTACHMENT] {"event":"attachment_frame","effect_center_x":179,"effect_center_y":149,"elapsed_frames":22,"finished":false,"head_x":179,"head_y":153,"selected_frame":11,"terminal_walk_current":true}
[PMDRED_EFOB108_ATTACHMENT] {"event":"attachment_frame","effect_center_x":179,"effect_center_y":149,"elapsed_frames":23,"finished":false,"head_x":179,"head_y":153,"selected_frame":11,"terminal_walk_current":true}
[PMDRED_EFOB108_ATTACHMENT] {"event":"attachment_frame","effect_center_x":179,"effect_center_y":149,"elapsed_frames":24,"finished":false,"head_x":179,"head_y":153,"selected_frame":12,"terminal_walk_current":true}
[PMDRED_EFOB108_ATTACHMENT] {"event":"attachment_frame","effect_center_x":179,"effect_center_y":149,"elapsed_frames":25,"finished":false,"head_x":179,"head_y":153,"selected_frame":12,"terminal_walk_current":true}
[PMDRED_EFOB108_ATTACHMENT] {"event":"attachment_pre_boundary","elapsed_frames":25,"finished":false,"selected_frame":12}
[PMDRED_EFOB108_ATTACHMENT] {"event":"attachment_boundary","elapsed_frames":26,"finished":true}
[PMDRED_EFOB108_ATTACHMENT] {"event":"terminal_walk_completion","action_time_frames":30,"anim_id":2,"anim_total_time_frames":30,"candidate":"pmdo_top_left_normalized","complete":true,"current_action_identity":true,"native_type":"RogueEssence.Ground.IdleAnimGroundAction","terminal_head_x":179,"terminal_head_y":153}
[PMDRED_EFOB108_ATTACHMENT] {"event":"coordinate_convention_selected","authenticated_ax_x":179,"authenticated_ax_y":149,"convention":"eu_center_to_pmdo_top_left_minus_8_minus_8","effect_center_x":179,"effect_center_y":149,"pmdo_position_x":172,"pmdo_position_y":140,"source_center_x":180,"source_center_y":148,"terminal_head_x":179,"terminal_head_y":153,"verdict":"PASS"}
[PMDRED_EFOB108_ATTACHMENT] {"event":"fixture_complete","effect_frames":26,"selected_coordinate_convention":"normalized_minus_8_minus_8","verdict":"PASS"}
[PMDRED_EFOB108_ATTACHMENT] {"event":"fixture_verdict","verdict":"PASS","visits":1}
[PMDRED_EFOB108_ATTACHMENT] {"event":"load_phase_unload_requested","before":"Ready","before_raw":"Ready: 2","readback":"Unload","readback_raw":"Unload: 3","requested":"Unload"}

<!> DebugTools: Deinit..

<!> ConfigTools: Deinit..
[PMDRED_EFOB108_ATTACHMENT] {"event":"native_deinit","load_phase":"Unload","load_phase_raw":"Unload: 3"}
[PMDRED_EFOB108_ATTACHMENT] {"event":"native_graphics_unload","load_phase":"Unload","load_phase_raw":"Unload: 3"}
[PMDRED_EFOB108_ATTACHMENT] {"event":"end","graceful":true,"load_phase":"Unload","load_phase_raw":"Unload: 3","terminal":true}
