==============================================================================
            verify_ground_targets — index de ground ecrits en dur             
==============================================================================
71 cible(s) examinee(s)

### CIBLES SUSPECTES : 14

    zone/beginner_lesson        -> master_zone[36] : ground etranger a la zone
        apricorn_glade
    zone/beginner_lesson        -> master_zone[36] : ground etranger a la zone
        apricorn_glade
    zone/bug_maze               -> master_zone[36] : ground etranger a la zone
        apricorn_glade
    zone/electric_maze          -> master_zone[36] : ground etranger a la zone
        apricorn_glade
    zone/fire_maze              -> master_zone[36] : ground etranger a la zone
        apricorn_glade
    zone/flying_maze            -> master_zone[36] : ground etranger a la zone
        apricorn_glade
    zone/grass_maze             -> master_zone[36] : ground etranger a la zone
        apricorn_glade
    zone/normal_maze            -> master_zone[36] : ground etranger a la zone
        apricorn_glade
    zone/normal_maze            -> master_zone[36] : ground etranger a la zone
        apricorn_glade
    zone/relic_forest           -> master_zone[9] : ground etranger a la zone
        altere_pond
    zone/relic_forest           -> master_zone[9] : ground etranger a la zone
        altere_pond
    zone/relic_forest           -> master_zone[9] : ground etranger a la zone
        altere_pond
    zone/rock_maze              -> master_zone[36] : ground etranger a la zone
        apricorn_glade
    zone/water_maze             -> master_zone[36] : ground etranger a la zone
        apricorn_glade

Verifier chaque cas : un retour deliberé vers une autre zone est
legitime, un index qui a glisse ne l est pas.
