Loading default script variable values..
Script variables default values loaded! [build 2026-08-04-K]
DebugTools:initialize()
MenuTools:initialize()
UpgradeTools:initialize()
ConfigTools:initialize()
NREProbe:initialize()
[NREPROBE] build 2026-08-04-K charge (main.lua) -- PREMIERE ligne attendue, au LANCEMENT du jeu. Si absente: la copie du mod chargee par le jeu n est PAS celle du depot.

<!> DebugTools: Init..

<!> ConfigTools: Init..
[NREPROBE] service nre_probe ACTIF (EngineServiceEvents.Init) -- build 2026-07-27-C
Loading default script variable values..
Script variables default values loaded! [build 2026-08-04-K]
[NREPROBE] LoadSavedData <-- sauvegarde chargee (menu Continuer) | zone= seg=? map=? | Save.Team=0 leader=<nil> | DungeonMap=nil TeamAttachee=n/a foes=n/a

<!> ExampleSvc: Preparing debug save file
[DevUnlock] exclu: barren_tundra
[DevUnlock] exclu: bravery_road
[DevUnlock] exclu: bug_maze
[DevUnlock] exclu: buried_relic
[DevUnlock] exclu: cave_of_solace
[DevUnlock] exclu: cave_of_whispers
[DevUnlock] exclu: darknight_relic
[DevUnlock] exclu: debug_zone
[DevUnlock] exclu: desert_region
[DevUnlock] exclu: deserted_fortress
[DevUnlock] exclu: electric_maze
[DevUnlock] exclu: energy_garden
[DevUnlock] exclu: eon_island
[DevUnlock] exclu: fantasy_strait
[DevUnlock] exclu: far_off_sea
[DevUnlock] exclu: fiery_field
[DevUnlock] exclu: frosty_forest
[DevUnlock] exclu: frosty_grotto
[DevUnlock] exclu: grand_sea
[DevUnlock] exclu: great_canyon
[DevUnlock] exclu: guildmaster_island
[DevUnlock] exclu: hope_road
[DevUnlock] exclu: howling_forest
[DevUnlock] exclu: inscribed_cave
[DevUnlock] exclu: joyous_tower
[DevUnlock] exclu: labyrinth_of_the_lost
[DevUnlock] exclu: lapis_cave
[DevUnlock] exclu: lightning_field
[DevUnlock] exclu: magma_cavern
[DevUnlock] exclu: magma_cavern_pit
[DevUnlock] exclu: marvelous_sea
[DevUnlock] exclu: master_zone
[DevUnlock] exclu: meteor_cave
[DevUnlock] exclu: mt_blaze
[DevUnlock] exclu: mt_blaze_peak
[DevUnlock] exclu: mt_faraway
[DevUnlock] exclu: mt_freeze
[DevUnlock] exclu: mt_freeze_peak
[DevUnlock] exclu: mt_steel
[DevUnlock] exclu: mt_thunder
[DevUnlock] exclu: mt_thunder_peak
[DevUnlock] exclu: murky_cave
[DevUnlock] exclu: northern_range
[DevUnlock] exclu: northwind_field
[DevUnlock] exclu: oddity_cave
[DevUnlock] exclu: pitfall_valley
[DevUnlock] exclu: prism_isles
[DevUnlock] exclu: purity_forest
[DevUnlock] exclu: remains_island
[DevUnlock] exclu: rock_path
[DevUnlock] exclu: royal_halls
[DevUnlock] exclu: sacred_tower
[DevUnlock] exclu: silent_chasm
[DevUnlock] exclu: silver_trench
[DevUnlock] exclu: sky_tower
[DevUnlock] exclu: sky_tower_summit
[DevUnlock] exclu: snow_path
[DevUnlock] exclu: solar_cave
[DevUnlock] exclu: southern_cavern
[DevUnlock] exclu: starfall_heights
[DevUnlock] exclu: stormy_sea
[DevUnlock] exclu: the_abyss
[DevUnlock] exclu: the_sky
[DevUnlock] exclu: thunderwave_cave
[DevUnlock] exclu: tiny_woods
[DevUnlock] exclu: training_maze
[DevUnlock] exclu: uncharted_waters
[DevUnlock] exclu: unown_relic
[DevUnlock] exclu: uproar_forest
[DevUnlock] exclu: waterfall_pond
[DevUnlock] exclu: western_cave
[DevUnlock] exclu: wisdom_road
[DevUnlock] exclu: wish_cave
[DevUnlock] exclu: wyvern_hill
[NREPROBE] NewGame | zone= seg=? map=? | Save.Team=4 leader=BIG_AF_NAME | DungeonMap=nil TeamAttachee=n/a foes=n/a
[RED_STORY_ROUTE] {"event":"begin","zone":"thunderwave_cave","expected_floors":5}
[NREPROBE] ZoneInit | zone=thunderwave_cave seg=-1 map=-1 | Save.Team=2 leader=BIG_AF_NAME | DungeonMap=nil TeamAttachee=n/a foes=n/a
[NREPROBE] DungeonSegmentStart (Lua EnterSegment va tourner) | zone=thunderwave_cave seg=-1 map=-1 | Save.Team=2 leader=BIG_AF_NAME | DungeonMap=nil TeamAttachee=n/a foes=n/a
[NREPROBE] GroundModeBegin | zone=thunderwave_cave seg=-1 map=0 | Save.Team=2 leader=BIG_AF_NAME | DungeonMap=nil TeamAttachee=n/a foes=n/a
[RedCanonScene] d02p01 : 0 réplique(s) jouée(s), 10 sans texte importé, 0 évènement(s) audio, 0 secousse(s), 19 évènement(s) non décodés (acteur ou coordonnées absents de l extraction ROM).
[NREPROBE] GroundMapEnter | zone=thunderwave_cave seg=-1 map=0 | Save.Team=2 leader=BIG_AF_NAME | DungeonMap=nil TeamAttachee=n/a foes=n/a
[RED_STORY_ROUTE] {"event":"ground","zone":"thunderwave_cave","id":"grotte_statique_seuil"}
[RED_STORY_ROUTE] {"event":"ground_transition","id":"grotte_statique_seuil","target":"thunderwave_cave"}
[NREPROBE] GroundMapExit | zone=thunderwave_cave seg=-1 map=0 | Save.Team=2 leader=BIG_AF_NAME | DungeonMap=nil TeamAttachee=n/a foes=n/a
=>_ENV pre-cleanup:180
=>_ENV post cleanup:179
[NREPROBE] GroundModeEnd | zone=thunderwave_cave seg=-1 map=-1 | Save.Team=2 leader=BIG_AF_NAME | DungeonMap=nil TeamAttachee=n/a foes=n/a
=>_ENV pre-cleanup:179
=>_ENV post cleanup:178
[NREPROBE] ZoneInit | zone=thunderwave_cave seg=-1 map=-1 | Save.Team=2 leader=BIG_AF_NAME | DungeonMap=nil TeamAttachee=n/a foes=n/a
[NREPROBE] DungeonSegmentStart (Lua EnterSegment va tourner) | zone=thunderwave_cave seg=-1 map=-1 | Save.Team=2 leader=BIG_AF_NAME | DungeonMap=nil TeamAttachee=n/a foes=n/a
[NREPROBE] DungeonModeBegin | zone=thunderwave_cave seg=0 map=0 | Save.Team=2 leader=BIG_AF_NAME | DungeonMap= TeamAttachee=NON (transition avant DungeonMapInit, normale) foes=3
[NREPROBE] DungeonMapInit map= | zone=thunderwave_cave seg=0 map=0 | Save.Team=2 leader=BIG_AF_NAME | DungeonMap= TeamAttachee=OUI(2) foes=3
[RED_STORY_ROUTE] {"event":"map","zone":"thunderwave_cave","segment":0,"floor":0,"width":49,"height":45,"mobs":3,"stairs":1,"map_seed":"-3118863704227188232","adventure_seed":"-2724924979545900812"}
[NREPROBE] DungeonFloorEnter <-- equipe DOIT etre attachee ici | zone=thunderwave_cave seg=0 map=0 | Save.Team=2 leader=BIG_AF_NAME | DungeonMap= TeamAttachee=OUI(2) foes=3
[RED_STORY_ROUTE] {"event":"next_floor","from":0,"to":1}
[NREPROBE] DungeonFloorExit | zone=thunderwave_cave seg=0 map=0 | Save.Team=2 leader=BIG_AF_NAME | DungeonMap= TeamAttachee=OUI(2) foes=3
[NREPROBE] DungeonMapInit map= | zone=thunderwave_cave seg=0 map=1 | Save.Team=2 leader=BIG_AF_NAME | DungeonMap= TeamAttachee=OUI(2) foes=4
[RED_STORY_ROUTE] {"event":"map","zone":"thunderwave_cave","segment":0,"floor":1,"width":49,"height":28,"mobs":4,"stairs":1,"map_seed":"-8900150855534210420","adventure_seed":"-2724924979545900812"}
[NREPROBE] DungeonFloorEnter <-- equipe DOIT etre attachee ici | zone=thunderwave_cave seg=0 map=1 | Save.Team=2 leader=BIG_AF_NAME | DungeonMap= TeamAttachee=OUI(2) foes=4
[RED_STORY_ROUTE] {"event":"next_floor","from":1,"to":2}
[NREPROBE] DungeonFloorExit | zone=thunderwave_cave seg=0 map=1 | Save.Team=2 leader=BIG_AF_NAME | DungeonMap= TeamAttachee=OUI(2) foes=4
[NREPROBE] DungeonMapInit map= | zone=thunderwave_cave seg=0 map=2 | Save.Team=2 leader=BIG_AF_NAME | DungeonMap= TeamAttachee=OUI(2) foes=2
[RED_STORY_ROUTE] {"event":"map","zone":"thunderwave_cave","segment":0,"floor":2,"width":53,"height":31,"mobs":2,"stairs":1,"map_seed":"1471962310076472057","adventure_seed":"-2724924979545900812"}
[NREPROBE] DungeonFloorEnter <-- equipe DOIT etre attachee ici | zone=thunderwave_cave seg=0 map=2 | Save.Team=2 leader=BIG_AF_NAME | DungeonMap= TeamAttachee=OUI(2) foes=2
[RED_STORY_ROUTE] {"event":"next_floor","from":2,"to":3}
[NREPROBE] DungeonFloorExit | zone=thunderwave_cave seg=0 map=2 | Save.Team=2 leader=BIG_AF_NAME | DungeonMap= TeamAttachee=OUI(2) foes=2
[NREPROBE] DungeonMapInit map= | zone=thunderwave_cave seg=0 map=3 | Save.Team=2 leader=BIG_AF_NAME | DungeonMap= TeamAttachee=OUI(2) foes=2
[RED_STORY_ROUTE] {"event":"map","zone":"thunderwave_cave","segment":0,"floor":3,"width":56,"height":34,"mobs":2,"stairs":1,"map_seed":"2857565858462478811","adventure_seed":"-2724924979545900812"}
[NREPROBE] DungeonFloorEnter <-- equipe DOIT etre attachee ici | zone=thunderwave_cave seg=0 map=3 | Save.Team=2 leader=BIG_AF_NAME | DungeonMap= TeamAttachee=OUI(2) foes=2
[RED_STORY_ROUTE] {"event":"next_floor","from":3,"to":4}
[NREPROBE] DungeonFloorExit | zone=thunderwave_cave seg=0 map=3 | Save.Team=2 leader=BIG_AF_NAME | DungeonMap= TeamAttachee=OUI(2) foes=2
[NREPROBE] DungeonMapInit map= | zone=thunderwave_cave seg=0 map=4 | Save.Team=2 leader=BIG_AF_NAME | DungeonMap= TeamAttachee=OUI(2) foes=2
[RED_STORY_ROUTE] {"event":"map","zone":"thunderwave_cave","segment":0,"floor":4,"width":45,"height":34,"mobs":2,"stairs":1,"map_seed":"-1106097998982550862","adventure_seed":"-2724924979545900812"}
[NREPROBE] DungeonFloorEnter <-- equipe DOIT etre attachee ici | zone=thunderwave_cave seg=0 map=4 | Save.Team=2 leader=BIG_AF_NAME | DungeonMap= TeamAttachee=OUI(2) foes=2
[RED_STORY_ROUTE] {"event":"segment_clear","floor":4}
[NREPROBE] DungeonSegmentEnd (Lua ExitSegment a tourne) | zone=thunderwave_cave seg=0 map=4 | Save.Team=2 leader=BIG_AF_NAME | DungeonMap= TeamAttachee=OUI(2) foes=2
[NREPROBE] DungeonFloorExit | zone=thunderwave_cave seg=0 map=4 | Save.Team=2 leader=BIG_AF_NAME | DungeonMap= TeamAttachee=OUI(2) foes=2
[NREPROBE] DungeonModeEnd  <-- ExitFloor vient de detacher l equipe (normal) | zone=thunderwave_cave seg=-1 map=-1 | Save.Team=2 leader=BIG_AF_NAME | DungeonMap=nil TeamAttachee=n/a foes=n/a
[NREPROBE] DungeonSegmentStart (Lua EnterSegment va tourner) | zone=thunderwave_cave seg=-1 map=-1 | Save.Team=2 leader=BIG_AF_NAME | DungeonMap=nil TeamAttachee=n/a foes=n/a
[NREPROBE] GroundModeBegin | zone=thunderwave_cave seg=-1 map=1 | Save.Team=2 leader=BIG_AF_NAME | DungeonMap=nil TeamAttachee=n/a foes=n/a
[2026/08/23 22:32:10.347] ScriptGround.SpawnerSetSpawn(TEAMMATE_1):  Couldn't find spawner!
Exception Depth: 0
System.ArgumentException: ScriptGround.SpawnerSetSpawn(TEAMMATE_1):  Couldn't find spawner!
   at RogueEssence.Script.ScriptGround.SpawnerSetSpawn(String spawnername, CharData spawnChar)


Lua Trace:
stack traceback:
	[C]: in function 'coroutine.resume'
	[string "MakeCoroutineIterator"]:5: in function <[string "MakeCoroutineIterator"]:4>

Coroutine Trace:
ScriptEvent: CURMAPSCR.Init
RogueEssence.Ground.GroundMap+<RunScriptEvent>d__59
RogueEssence.Ground.GroundMap+<OnInit>d__61
RogueEssence.Ground.GroundScene+<InitGround>d__43
RogueEssence.GameManager+<moveToZoneInit>d__76
RogueEssence.GameManager+<MoveToZone>d__74
RogueEssence.GameManager+<ScreenMainCoroutine>d__64

[2026/08/23 22:32:10.358] ScriptGround.SpawnerDoSpawn(TEAMMATE_1):  Couldn't find spawner!
Exception Depth: 0
System.ArgumentException: ScriptGround.SpawnerDoSpawn(TEAMMATE_1):  Couldn't find spawner!
   at RogueEssence.Script.ScriptGround.SpawnerDoSpawn(String spawnername)


Lua Trace:
stack traceback:
	[C]: in function 'coroutine.resume'
	[string "MakeCoroutineIterator"]:5: in function <[string "MakeCoroutineIterator"]:4>

Coroutine Trace:
ScriptEvent: CURMAPSCR.Init
RogueEssence.Ground.GroundMap+<RunScriptEvent>d__59
RogueEssence.Ground.GroundMap+<OnInit>d__61
RogueEssence.Ground.GroundScene+<InitGround>d__43
RogueEssence.GameManager+<moveToZoneInit>d__76
RogueEssence.GameManager+<MoveToZone>d__74
RogueEssence.GameManager+<ScreenMainCoroutine>d__64

[RedCanonScene] d02p02 : 0 réplique(s) jouée(s), 1 sans texte importé, 2 évènement(s) audio, 0 secousse(s), 4 évènement(s) non décodés (acteur ou coordonnées absents de l extraction ROM).
[NREPROBE] GroundMapEnter | zone=thunderwave_cave seg=-1 map=1 | Save.Team=2 leader=BIG_AF_NAME | DungeonMap=nil TeamAttachee=n/a foes=n/a
[RED_STORY_ROUTE] {"event":"ground","zone":"thunderwave_cave","id":"d02p02"}
[RED_STORY_ROUTE] {"event":"canonical_end","id":"d02p02","scene_complete":true}
[NREPROBE] GroundMapExit | zone=thunderwave_cave seg=-1 map=1 | Save.Team=2 leader=BIG_AF_NAME | DungeonMap=nil TeamAttachee=n/a foes=n/a
=>_ENV pre-cleanup:181
=>_ENV post cleanup:180
[NREPROBE] GroundMapEnter | zone=thunderwave_cave seg=-1 map=0 | Save.Team=2 leader=BIG_AF_NAME | DungeonMap=nil TeamAttachee=n/a foes=n/a
[RED_STORY_ROUTE] {"event":"ground","zone":"thunderwave_cave","id":"grotte_statique_seuil"}
[RED_STORY_ROUTE] {"event":"end","zone":"thunderwave_cave","canonical_complete":true}

<!> DebugTools: Deinit..

<!> ConfigTools: Deinit..
