Loading default script variable values..
Script variables default values loaded! [build 2026-08-04-K]
DebugTools:initialize()
MenuTools:initialize()
UpgradeTools:initialize()
ConfigTools:initialize()
NREProbe:initialize()
[NREPROBE] build 2026-08-04-K charge (main.lua) -- PREMIERE ligne attendue, au LANCEMENT du jeu. Si absente: la copie du mod chargee par le jeu n est PAS celle du depot.

<!> DebugTools: Init..

<!> ConfigTools: Init..
[NREPROBE] service nre_probe ACTIF (EngineServiceEvents.Init) -- build 2026-07-27-C
Loading default script variable values..
Script variables default values loaded! [build 2026-08-04-K]
[NREPROBE] LoadSavedData <-- sauvegarde chargee (menu Continuer) | zone= seg=? map=? | Save.Team=0 leader=<nil> | DungeonMap=nil TeamAttachee=n/a foes=n/a

<!> ExampleSvc: Preparing debug save file
[DevUnlock] exclu: barren_tundra
[DevUnlock] exclu: bravery_road
[DevUnlock] exclu: bug_maze
[DevUnlock] exclu: buried_relic
[DevUnlock] exclu: cave_of_solace
[DevUnlock] exclu: cave_of_whispers
[DevUnlock] exclu: darknight_relic
[DevUnlock] exclu: debug_zone
[DevUnlock] exclu: desert_region
[DevUnlock] exclu: deserted_fortress
[DevUnlock] exclu: electric_maze
[DevUnlock] exclu: energy_garden
[DevUnlock] exclu: eon_island
[DevUnlock] exclu: fantasy_strait
[DevUnlock] exclu: far_off_sea
[DevUnlock] exclu: fiery_field
[DevUnlock] exclu: frosty_forest
[DevUnlock] exclu: frosty_grotto
[DevUnlock] exclu: grand_sea
[DevUnlock] exclu: great_canyon
[DevUnlock] exclu: guildmaster_island
[DevUnlock] exclu: hope_road
[DevUnlock] exclu: howling_forest
[DevUnlock] exclu: inscribed_cave
[DevUnlock] exclu: joyous_tower
[DevUnlock] exclu: labyrinth_of_the_lost
[DevUnlock] exclu: lapis_cave
[DevUnlock] exclu: lightning_field
[DevUnlock] exclu: magma_cavern
[DevUnlock] exclu: magma_cavern_pit
[DevUnlock] exclu: marvelous_sea
[DevUnlock] exclu: master_zone
[DevUnlock] exclu: meteor_cave
[DevUnlock] exclu: mt_blaze
[DevUnlock] exclu: mt_blaze_peak
[DevUnlock] exclu: mt_faraway
[DevUnlock] exclu: mt_freeze
[DevUnlock] exclu: mt_freeze_peak
[DevUnlock] exclu: mt_steel
[DevUnlock] exclu: mt_thunder
[DevUnlock] exclu: mt_thunder_peak
[DevUnlock] exclu: murky_cave
[DevUnlock] exclu: northern_range
[DevUnlock] exclu: northwind_field
[DevUnlock] exclu: oddity_cave
[DevUnlock] exclu: pitfall_valley
[DevUnlock] exclu: prism_isles
[DevUnlock] exclu: purity_forest
[DevUnlock] exclu: remains_island
[DevUnlock] exclu: rock_path
[DevUnlock] exclu: royal_halls
[DevUnlock] exclu: sacred_tower
[DevUnlock] exclu: silent_chasm
[DevUnlock] exclu: silver_trench
[DevUnlock] exclu: sky_tower
[DevUnlock] exclu: sky_tower_summit
[DevUnlock] exclu: snow_path
[DevUnlock] exclu: solar_cave
[DevUnlock] exclu: southern_cavern
[DevUnlock] exclu: starfall_heights
[DevUnlock] exclu: stormy_sea
[DevUnlock] exclu: the_abyss
[DevUnlock] exclu: the_sky
[DevUnlock] exclu: thunderwave_cave
[DevUnlock] exclu: tiny_woods
[DevUnlock] exclu: training_maze
[DevUnlock] exclu: uncharted_waters
[DevUnlock] exclu: unown_relic
[DevUnlock] exclu: uproar_forest
[DevUnlock] exclu: waterfall_pond
[DevUnlock] exclu: western_cave
[DevUnlock] exclu: wisdom_road
[DevUnlock] exclu: wish_cave
[DevUnlock] exclu: wyvern_hill
[NREPROBE] NewGame | zone= seg=? map=? | Save.Team=4 leader=BIG_AF_NAME | DungeonMap=nil TeamAttachee=n/a foes=n/a
[RED_STORY_ROUTE] {"event":"begin","zone":"mt_thunder","expected_floors":10}
[NREPROBE] ZoneInit | zone=mt_thunder seg=-1 map=-1 | Save.Team=2 leader=BIG_AF_NAME | DungeonMap=nil TeamAttachee=n/a foes=n/a
[NREPROBE] DungeonSegmentStart (Lua EnterSegment va tourner) | zone=mt_thunder seg=-1 map=-1 | Save.Team=2 leader=BIG_AF_NAME | DungeonMap=nil TeamAttachee=n/a foes=n/a
[NREPROBE] GroundModeBegin | zone=mt_thunder seg=-1 map=0 | Save.Team=2 leader=BIG_AF_NAME | DungeonMap=nil TeamAttachee=n/a foes=n/a
[RED_STORY_ROUTE] {"event":"ground_init","zone":"mt_thunder","id":"mont_grondant_pied"}
[RED_STORY_ROUTE] {"event":"entrance_reached","id":"mont_grondant_pied"}
[RedCanonScene] d06p01 : 0 réplique(s) jouée(s), 5 sans texte importé, 2 évènement(s) audio, 0 secousse(s), 6 évènement(s) non décodés (acteur ou coordonnées absents de l extraction ROM).
[NREPROBE] GroundMapEnter | zone=mt_thunder seg=-1 map=0 | Save.Team=2 leader=BIG_AF_NAME | DungeonMap=nil TeamAttachee=n/a foes=n/a
[RED_STORY_ROUTE] {"event":"ground_enter","zone":"mt_thunder","id":"mont_grondant_pied"}
[NREPROBE] GroundMapExit | zone=mt_thunder seg=-1 map=0 | Save.Team=2 leader=BIG_AF_NAME | DungeonMap=nil TeamAttachee=n/a foes=n/a
=>_ENV pre-cleanup:180
=>_ENV post cleanup:179
[NREPROBE] GroundModeEnd | zone=mt_thunder seg=-1 map=-1 | Save.Team=2 leader=BIG_AF_NAME | DungeonMap=nil TeamAttachee=n/a foes=n/a
=>_ENV pre-cleanup:179
=>_ENV post cleanup:178
[NREPROBE] ZoneInit | zone=mt_thunder seg=-1 map=-1 | Save.Team=2 leader=BIG_AF_NAME | DungeonMap=nil TeamAttachee=n/a foes=n/a
[NREPROBE] DungeonSegmentStart (Lua EnterSegment va tourner) | zone=mt_thunder seg=-1 map=-1 | Save.Team=2 leader=BIG_AF_NAME | DungeonMap=nil TeamAttachee=n/a foes=n/a
[NREPROBE] DungeonModeBegin | zone=mt_thunder seg=0 map=0 | Save.Team=2 leader=BIG_AF_NAME | DungeonMap= TeamAttachee=NON (transition avant DungeonMapInit, normale) foes=2
[NREPROBE] DungeonMapInit map= | zone=mt_thunder seg=0 map=0 | Save.Team=2 leader=BIG_AF_NAME | DungeonMap= TeamAttachee=OUI(2) foes=2
[RED_STORY_ROUTE] {"event":"map","zone":"mt_thunder","segment":0,"floor":0,"width":56,"height":37,"mobs":2,"stairs":1,"map_seed":"3906280043346924210","adventure_seed":"5358409561594462852"}
[NREPROBE] DungeonFloorEnter <-- equipe DOIT etre attachee ici | zone=mt_thunder seg=0 map=0 | Save.Team=2 leader=BIG_AF_NAME | DungeonMap= TeamAttachee=OUI(2) foes=2
[RED_STORY_ROUTE] {"event":"next_floor","from":0,"to":1}
[NREPROBE] DungeonFloorExit | zone=mt_thunder seg=0 map=0 | Save.Team=2 leader=BIG_AF_NAME | DungeonMap= TeamAttachee=OUI(2) foes=2
[NREPROBE] DungeonMapInit map= | zone=mt_thunder seg=0 map=1 | Save.Team=2 leader=BIG_AF_NAME | DungeonMap= TeamAttachee=OUI(2) foes=3
[RED_STORY_ROUTE] {"event":"map","zone":"mt_thunder","segment":0,"floor":1,"width":66,"height":45,"mobs":3,"stairs":1,"map_seed":"-3866057546110260135","adventure_seed":"5358409561594462852"}
[NREPROBE] DungeonFloorEnter <-- equipe DOIT etre attachee ici | zone=mt_thunder seg=0 map=1 | Save.Team=2 leader=BIG_AF_NAME | DungeonMap= TeamAttachee=OUI(2) foes=3
[RED_STORY_ROUTE] {"event":"next_floor","from":1,"to":2}
[NREPROBE] DungeonFloorExit | zone=mt_thunder seg=0 map=1 | Save.Team=2 leader=BIG_AF_NAME | DungeonMap= TeamAttachee=OUI(2) foes=3
[NREPROBE] DungeonMapInit map= | zone=mt_thunder seg=0 map=2 | Save.Team=2 leader=BIG_AF_NAME | DungeonMap= TeamAttachee=OUI(2) foes=4
[RED_STORY_ROUTE] {"event":"map","zone":"mt_thunder","segment":0,"floor":2,"width":79,"height":51,"mobs":6,"stairs":1,"map_seed":"-781340109452496488","adventure_seed":"5358409561594462852"}
[NREPROBE] DungeonFloorEnter <-- equipe DOIT etre attachee ici | zone=mt_thunder seg=0 map=2 | Save.Team=2 leader=BIG_AF_NAME | DungeonMap= TeamAttachee=OUI(2) foes=4
[RED_STORY_ROUTE] {"event":"next_floor","from":2,"to":3}
[NREPROBE] DungeonFloorExit | zone=mt_thunder seg=0 map=2 | Save.Team=2 leader=BIG_AF_NAME | DungeonMap= TeamAttachee=OUI(2) foes=4
[NREPROBE] DungeonMapInit map= | zone=mt_thunder seg=0 map=3 | Save.Team=2 leader=BIG_AF_NAME | DungeonMap= TeamAttachee=OUI(2) foes=3
[RED_STORY_ROUTE] {"event":"map","zone":"mt_thunder","segment":0,"floor":3,"width":61,"height":46,"mobs":5,"stairs":1,"map_seed":"5551814617743914601","adventure_seed":"5358409561594462852"}
[NREPROBE] DungeonFloorEnter <-- equipe DOIT etre attachee ici | zone=mt_thunder seg=0 map=3 | Save.Team=2 leader=BIG_AF_NAME | DungeonMap= TeamAttachee=OUI(2) foes=3
[RED_STORY_ROUTE] {"event":"next_floor","from":3,"to":4}
[NREPROBE] DungeonFloorExit | zone=mt_thunder seg=0 map=3 | Save.Team=2 leader=BIG_AF_NAME | DungeonMap= TeamAttachee=OUI(2) foes=3
[NREPROBE] DungeonMapInit map= | zone=mt_thunder seg=0 map=4 | Save.Team=2 leader=BIG_AF_NAME | DungeonMap= TeamAttachee=OUI(2) foes=4
[RED_STORY_ROUTE] {"event":"map","zone":"mt_thunder","segment":0,"floor":4,"width":73,"height":51,"mobs":4,"stairs":1,"map_seed":"-945190006623090541","adventure_seed":"5358409561594462852"}
[NREPROBE] DungeonFloorEnter <-- equipe DOIT etre attachee ici | zone=mt_thunder seg=0 map=4 | Save.Team=2 leader=BIG_AF_NAME | DungeonMap= TeamAttachee=OUI(2) foes=4
[RED_STORY_ROUTE] {"event":"next_floor","from":4,"to":5}
[NREPROBE] DungeonFloorExit | zone=mt_thunder seg=0 map=4 | Save.Team=2 leader=BIG_AF_NAME | DungeonMap= TeamAttachee=OUI(2) foes=4
[NREPROBE] DungeonMapInit map= | zone=mt_thunder seg=0 map=5 | Save.Team=2 leader=BIG_AF_NAME | DungeonMap= TeamAttachee=OUI(2) foes=4
[RED_STORY_ROUTE] {"event":"map","zone":"mt_thunder","segment":0,"floor":5,"width":61,"height":56,"mobs":4,"stairs":1,"map_seed":"7254529541944054360","adventure_seed":"5358409561594462852"}
[NREPROBE] DungeonFloorEnter <-- equipe DOIT etre attachee ici | zone=mt_thunder seg=0 map=5 | Save.Team=2 leader=BIG_AF_NAME | DungeonMap= TeamAttachee=OUI(2) foes=4
[RED_STORY_ROUTE] {"event":"next_floor","from":5,"to":6}
[NREPROBE] DungeonFloorExit | zone=mt_thunder seg=0 map=5 | Save.Team=2 leader=BIG_AF_NAME | DungeonMap= TeamAttachee=OUI(2) foes=4
[NREPROBE] DungeonMapInit map= | zone=mt_thunder seg=0 map=6 | Save.Team=2 leader=BIG_AF_NAME | DungeonMap= TeamAttachee=OUI(2) foes=4
[RED_STORY_ROUTE] {"event":"map","zone":"mt_thunder","segment":0,"floor":6,"width":34,"height":31,"mobs":5,"stairs":1,"map_seed":"-7261938516685759212","adventure_seed":"5358409561594462852"}
[NREPROBE] DungeonFloorEnter <-- equipe DOIT etre attachee ici | zone=mt_thunder seg=0 map=6 | Save.Team=2 leader=BIG_AF_NAME | DungeonMap= TeamAttachee=OUI(2) foes=4
[RED_STORY_ROUTE] {"event":"next_floor","from":6,"to":7}
[NREPROBE] DungeonFloorExit | zone=mt_thunder seg=0 map=6 | Save.Team=2 leader=BIG_AF_NAME | DungeonMap= TeamAttachee=OUI(2) foes=4
[NREPROBE] DungeonMapInit map= | zone=mt_thunder seg=0 map=7 | Save.Team=2 leader=BIG_AF_NAME | DungeonMap= TeamAttachee=OUI(2) foes=3
[RED_STORY_ROUTE] {"event":"map","zone":"mt_thunder","segment":0,"floor":7,"width":79,"height":51,"mobs":3,"stairs":1,"map_seed":"6086985353313006553","adventure_seed":"5358409561594462852"}
[NREPROBE] DungeonFloorEnter <-- equipe DOIT etre attachee ici | zone=mt_thunder seg=0 map=7 | Save.Team=2 leader=BIG_AF_NAME | DungeonMap= TeamAttachee=OUI(2) foes=3
[RED_STORY_ROUTE] {"event":"next_floor","from":7,"to":8}
[NREPROBE] DungeonFloorExit | zone=mt_thunder seg=0 map=7 | Save.Team=2 leader=BIG_AF_NAME | DungeonMap= TeamAttachee=OUI(2) foes=3
[NREPROBE] DungeonMapInit map= | zone=mt_thunder seg=0 map=8 | Save.Team=2 leader=BIG_AF_NAME | DungeonMap= TeamAttachee=OUI(2) foes=4
[RED_STORY_ROUTE] {"event":"map","zone":"mt_thunder","segment":0,"floor":8,"width":73,"height":41,"mobs":5,"stairs":1,"map_seed":"-6689253569400212122","adventure_seed":"5358409561594462852"}
[NREPROBE] DungeonFloorEnter <-- equipe DOIT etre attachee ici | zone=mt_thunder seg=0 map=8 | Save.Team=2 leader=BIG_AF_NAME | DungeonMap= TeamAttachee=OUI(2) foes=4
[RED_STORY_ROUTE] {"event":"next_floor","from":8,"to":9}
[NREPROBE] DungeonFloorExit | zone=mt_thunder seg=0 map=8 | Save.Team=2 leader=BIG_AF_NAME | DungeonMap= TeamAttachee=OUI(2) foes=4
[NREPROBE] DungeonMapInit map= | zone=mt_thunder seg=0 map=9 | Save.Team=2 leader=BIG_AF_NAME | DungeonMap= TeamAttachee=OUI(2) foes=4
[RED_STORY_ROUTE] {"event":"map","zone":"mt_thunder","segment":0,"floor":9,"width":51,"height":37,"mobs":4,"stairs":1,"map_seed":"-1955815522019019860","adventure_seed":"5358409561594462852"}
[NREPROBE] DungeonFloorEnter <-- equipe DOIT etre attachee ici | zone=mt_thunder seg=0 map=9 | Save.Team=2 leader=BIG_AF_NAME | DungeonMap= TeamAttachee=OUI(2) foes=4
[RED_STORY_ROUTE] {"event":"segment_clear","zone":"mt_thunder","segment":0,"floor":9,"kind":"procedural"}
[NREPROBE] DungeonSegmentEnd (Lua ExitSegment a tourne) | zone=mt_thunder seg=0 map=9 | Save.Team=2 leader=BIG_AF_NAME | DungeonMap= TeamAttachee=OUI(2) foes=4
[NREPROBE] DungeonFloorExit | zone=mt_thunder seg=0 map=9 | Save.Team=2 leader=BIG_AF_NAME | DungeonMap= TeamAttachee=OUI(2) foes=4
[NREPROBE] DungeonModeEnd  <-- ExitFloor vient de detacher l equipe (normal) | zone=mt_thunder seg=-1 map=-1 | Save.Team=2 leader=BIG_AF_NAME | DungeonMap=nil TeamAttachee=n/a foes=n/a
[NREPROBE] DungeonSegmentStart (Lua EnterSegment va tourner) | zone=mt_thunder seg=-1 map=-1 | Save.Team=2 leader=BIG_AF_NAME | DungeonMap=nil TeamAttachee=n/a foes=n/a
[NREPROBE] GroundModeBegin | zone=mt_thunder seg=-1 map=1 | Save.Team=2 leader=BIG_AF_NAME | DungeonMap=nil TeamAttachee=n/a foes=n/a
[RED_STORY_ROUTE] {"event":"ground_init","zone":"mt_thunder","id":"d06p02"}
[RED_STORY_ROUTE] {"event":"canonical_end","id":"d06p02","zone":"mt_thunder"}
[RED_STORY_ROUTE] {"event":"end","zone":"mt_thunder","canonical_complete":true,"terminated_by":"canonical_final_ground_reached","note":"final canonical Ground d06p02 loaded; runtime is unloaded before Ground.Enter opens FinalResultsMenu"}
[RedCanonScene] d06p02 : 0 réplique(s) jouée(s), 2 sans texte importé, 4 évènement(s) audio, 0 secousse(s), 4 évènement(s) non décodés (acteur ou coordonnées absents de l extraction ROM).

<!> DebugTools: Deinit..

<!> ConfigTools: Deinit..
