Loading default script variable values..
Script variables default values loaded! [build 2026-08-04-K]
DebugTools:initialize()
MenuTools:initialize()
UpgradeTools:initialize()
ConfigTools:initialize()
NREProbe:initialize()
[NREPROBE] build 2026-08-04-K charge (main.lua) -- PREMIERE ligne attendue, au LANCEMENT du jeu. Si absente: la copie du mod chargee par le jeu n est PAS celle du depot.

<!> DebugTools: Init..

<!> ConfigTools: Init..
[NREPROBE] service nre_probe ACTIF (EngineServiceEvents.Init) -- build 2026-07-27-C
Loading default script variable values..
Script variables default values loaded! [build 2026-08-04-K]
[NREPROBE] LoadSavedData <-- sauvegarde chargee (menu Continuer) | zone= seg=? map=? | Save.Team=0 leader=<nil> | DungeonMap=nil TeamAttachee=n/a foes=n/a

<!> ExampleSvc: Preparing debug save file
[DevUnlock] exclu: barren_tundra
[DevUnlock] exclu: bravery_road
[DevUnlock] exclu: bug_maze
[DevUnlock] exclu: buried_relic
[DevUnlock] exclu: cave_of_solace
[DevUnlock] exclu: cave_of_whispers
[DevUnlock] exclu: darknight_relic
[DevUnlock] exclu: debug_zone
[DevUnlock] exclu: desert_region
[DevUnlock] exclu: deserted_fortress
[DevUnlock] exclu: electric_maze
[DevUnlock] exclu: energy_garden
[DevUnlock] exclu: eon_island
[DevUnlock] exclu: fantasy_strait
[DevUnlock] exclu: far_off_sea
[DevUnlock] exclu: fiery_field
[DevUnlock] exclu: frosty_forest
[DevUnlock] exclu: frosty_grotto
[DevUnlock] exclu: grand_sea
[DevUnlock] exclu: great_canyon
[DevUnlock] exclu: guildmaster_island
[DevUnlock] exclu: hope_road
[DevUnlock] exclu: howling_forest
[DevUnlock] exclu: inscribed_cave
[DevUnlock] exclu: joyous_tower
[DevUnlock] exclu: labyrinth_of_the_lost
[DevUnlock] exclu: lapis_cave
[DevUnlock] exclu: lightning_field
[DevUnlock] exclu: magma_cavern
[DevUnlock] exclu: magma_cavern_pit
[DevUnlock] exclu: marvelous_sea
[DevUnlock] exclu: master_zone
[DevUnlock] exclu: meteor_cave
[DevUnlock] exclu: mt_blaze
[DevUnlock] exclu: mt_blaze_peak
[DevUnlock] exclu: mt_faraway
[DevUnlock] exclu: mt_freeze
[DevUnlock] exclu: mt_freeze_peak
[DevUnlock] exclu: mt_steel
[DevUnlock] exclu: mt_thunder
[DevUnlock] exclu: mt_thunder_peak
[DevUnlock] exclu: murky_cave
[DevUnlock] exclu: northern_range
[DevUnlock] exclu: northwind_field
[DevUnlock] exclu: oddity_cave
[DevUnlock] exclu: pitfall_valley
[DevUnlock] exclu: prism_isles
[DevUnlock] exclu: purity_forest
[DevUnlock] exclu: remains_island
[DevUnlock] exclu: rock_path
[DevUnlock] exclu: royal_halls
[DevUnlock] exclu: sacred_tower
[DevUnlock] exclu: silent_chasm
[DevUnlock] exclu: silver_trench
[DevUnlock] exclu: sky_tower
[DevUnlock] exclu: sky_tower_summit
[DevUnlock] exclu: snow_path
[DevUnlock] exclu: solar_cave
[DevUnlock] exclu: southern_cavern
[DevUnlock] exclu: starfall_heights
[DevUnlock] exclu: stormy_sea
[DevUnlock] exclu: the_abyss
[DevUnlock] exclu: the_sky
[DevUnlock] exclu: thunderwave_cave
[DevUnlock] exclu: tiny_woods
[DevUnlock] exclu: training_maze
[DevUnlock] exclu: uncharted_waters
[DevUnlock] exclu: unown_relic
[DevUnlock] exclu: uproar_forest
[DevUnlock] exclu: waterfall_pond
[DevUnlock] exclu: western_cave
[DevUnlock] exclu: wisdom_road
[DevUnlock] exclu: wish_cave
[DevUnlock] exclu: wyvern_hill
[NREPROBE] NewGame | zone= seg=? map=? | Save.Team=4 leader=BIG_AF_NAME | DungeonMap=nil TeamAttachee=n/a foes=n/a
[RED_STORY_ROUTE] {"event":"begin","zone":"mt_steel","expected_floors":8}
[NREPROBE] ZoneInit | zone=mt_steel seg=-1 map=-1 | Save.Team=2 leader=BIG_AF_NAME | DungeonMap=nil TeamAttachee=n/a foes=n/a
[NREPROBE] DungeonSegmentStart (Lua EnterSegment va tourner) | zone=mt_steel seg=-1 map=-1 | Save.Team=2 leader=BIG_AF_NAME | DungeonMap=nil TeamAttachee=n/a foes=n/a
[NREPROBE] GroundModeBegin | zone=mt_steel seg=-1 map=0 | Save.Team=2 leader=BIG_AF_NAME | DungeonMap=nil TeamAttachee=n/a foes=n/a
[RED_STORY_ROUTE] {"event":"ground_init","zone":"mt_steel","id":"pic_ferreux_pied"}
[RED_STORY_ROUTE] {"event":"entrance_reached","id":"pic_ferreux_pied"}
[RedCanonScene] d03p01 : 0 réplique(s) jouée(s), 8 sans texte importé, 0 évènement(s) audio, 2 secousse(s), 12 évènement(s) non décodés (acteur ou coordonnées absents de l extraction ROM).
[NREPROBE] GroundMapEnter | zone=mt_steel seg=-1 map=0 | Save.Team=2 leader=BIG_AF_NAME | DungeonMap=nil TeamAttachee=n/a foes=n/a
[RED_STORY_ROUTE] {"event":"ground_enter","zone":"mt_steel","id":"pic_ferreux_pied"}
[NREPROBE] GroundMapExit | zone=mt_steel seg=-1 map=0 | Save.Team=2 leader=BIG_AF_NAME | DungeonMap=nil TeamAttachee=n/a foes=n/a
=>_ENV pre-cleanup:180
=>_ENV post cleanup:179
[NREPROBE] GroundModeEnd | zone=mt_steel seg=-1 map=-1 | Save.Team=2 leader=BIG_AF_NAME | DungeonMap=nil TeamAttachee=n/a foes=n/a
=>_ENV pre-cleanup:179
=>_ENV post cleanup:178
[NREPROBE] ZoneInit | zone=mt_steel seg=-1 map=-1 | Save.Team=2 leader=BIG_AF_NAME | DungeonMap=nil TeamAttachee=n/a foes=n/a
[NREPROBE] DungeonSegmentStart (Lua EnterSegment va tourner) | zone=mt_steel seg=-1 map=-1 | Save.Team=2 leader=BIG_AF_NAME | DungeonMap=nil TeamAttachee=n/a foes=n/a
[NREPROBE] DungeonModeBegin | zone=mt_steel seg=0 map=0 | Save.Team=2 leader=BIG_AF_NAME | DungeonMap= TeamAttachee=NON (transition avant DungeonMapInit, normale) foes=2
[NREPROBE] DungeonMapInit map= | zone=mt_steel seg=0 map=0 | Save.Team=2 leader=BIG_AF_NAME | DungeonMap= TeamAttachee=OUI(2) foes=2
[RED_STORY_ROUTE] {"event":"map","zone":"mt_steel","segment":0,"floor":0,"width":56,"height":46,"mobs":2,"stairs":1,"map_seed":"-7680997385787959538","adventure_seed":"-3037769020233323233"}
[NREPROBE] DungeonFloorEnter <-- equipe DOIT etre attachee ici | zone=mt_steel seg=0 map=0 | Save.Team=2 leader=BIG_AF_NAME | DungeonMap= TeamAttachee=OUI(2) foes=2
[RED_STORY_ROUTE] {"event":"next_floor","from":0,"to":1}
[NREPROBE] DungeonFloorExit | zone=mt_steel seg=0 map=0 | Save.Team=2 leader=BIG_AF_NAME | DungeonMap= TeamAttachee=OUI(2) foes=2
[NREPROBE] DungeonMapInit map= | zone=mt_steel seg=0 map=1 | Save.Team=2 leader=BIG_AF_NAME | DungeonMap= TeamAttachee=OUI(2) foes=1
[RED_STORY_ROUTE] {"event":"map","zone":"mt_steel","segment":0,"floor":1,"width":61,"height":46,"mobs":2,"stairs":1,"map_seed":"-6341082064117462240","adventure_seed":"-3037769020233323233"}
[NREPROBE] DungeonFloorEnter <-- equipe DOIT etre attachee ici | zone=mt_steel seg=0 map=1 | Save.Team=2 leader=BIG_AF_NAME | DungeonMap= TeamAttachee=OUI(2) foes=1
[RED_STORY_ROUTE] {"event":"next_floor","from":1,"to":2}
[NREPROBE] DungeonFloorExit | zone=mt_steel seg=0 map=1 | Save.Team=2 leader=BIG_AF_NAME | DungeonMap= TeamAttachee=OUI(2) foes=1
[NREPROBE] DungeonMapInit map= | zone=mt_steel seg=0 map=2 | Save.Team=2 leader=BIG_AF_NAME | DungeonMap= TeamAttachee=OUI(2) foes=3
[RED_STORY_ROUTE] {"event":"map","zone":"mt_steel","segment":0,"floor":2,"width":67,"height":46,"mobs":4,"stairs":1,"map_seed":"-7363110862084058026","adventure_seed":"-3037769020233323233"}
[NREPROBE] DungeonFloorEnter <-- equipe DOIT etre attachee ici | zone=mt_steel seg=0 map=2 | Save.Team=2 leader=BIG_AF_NAME | DungeonMap= TeamAttachee=OUI(2) foes=3
[RED_STORY_ROUTE] {"event":"next_floor","from":2,"to":3}
[NREPROBE] DungeonFloorExit | zone=mt_steel seg=0 map=2 | Save.Team=2 leader=BIG_AF_NAME | DungeonMap= TeamAttachee=OUI(2) foes=3
[NREPROBE] DungeonMapInit map= | zone=mt_steel seg=0 map=3 | Save.Team=2 leader=BIG_AF_NAME | DungeonMap= TeamAttachee=OUI(2) foes=3
[RED_STORY_ROUTE] {"event":"map","zone":"mt_steel","segment":0,"floor":3,"width":61,"height":41,"mobs":3,"stairs":1,"map_seed":"5104876341224702430","adventure_seed":"-3037769020233323233"}
[NREPROBE] DungeonFloorEnter <-- equipe DOIT etre attachee ici | zone=mt_steel seg=0 map=3 | Save.Team=2 leader=BIG_AF_NAME | DungeonMap= TeamAttachee=OUI(2) foes=3
[RED_STORY_ROUTE] {"event":"next_floor","from":3,"to":4}
[NREPROBE] DungeonFloorExit | zone=mt_steel seg=0 map=3 | Save.Team=2 leader=BIG_AF_NAME | DungeonMap= TeamAttachee=OUI(2) foes=3
[NREPROBE] DungeonMapInit map= | zone=mt_steel seg=0 map=4 | Save.Team=2 leader=BIG_AF_NAME | DungeonMap= TeamAttachee=OUI(2) foes=4
[RED_STORY_ROUTE] {"event":"map","zone":"mt_steel","segment":0,"floor":4,"width":67,"height":37,"mobs":4,"stairs":1,"map_seed":"7922418274862800895","adventure_seed":"-3037769020233323233"}
[NREPROBE] DungeonFloorEnter <-- equipe DOIT etre attachee ici | zone=mt_steel seg=0 map=4 | Save.Team=2 leader=BIG_AF_NAME | DungeonMap= TeamAttachee=OUI(2) foes=4
[RED_STORY_ROUTE] {"event":"next_floor","from":4,"to":5}
[NREPROBE] DungeonFloorExit | zone=mt_steel seg=0 map=4 | Save.Team=2 leader=BIG_AF_NAME | DungeonMap= TeamAttachee=OUI(2) foes=4
[NREPROBE] DungeonMapInit map= | zone=mt_steel seg=0 map=5 | Save.Team=2 leader=BIG_AF_NAME | DungeonMap= TeamAttachee=OUI(2) foes=4
[RED_STORY_ROUTE] {"event":"map","zone":"mt_steel","segment":0,"floor":5,"width":61,"height":41,"mobs":6,"stairs":1,"map_seed":"-7462911616182143383","adventure_seed":"-3037769020233323233"}
[NREPROBE] DungeonFloorEnter <-- equipe DOIT etre attachee ici | zone=mt_steel seg=0 map=5 | Save.Team=2 leader=BIG_AF_NAME | DungeonMap= TeamAttachee=OUI(2) foes=4
[RED_STORY_ROUTE] {"event":"next_floor","from":5,"to":6}
[NREPROBE] DungeonFloorExit | zone=mt_steel seg=0 map=5 | Save.Team=2 leader=BIG_AF_NAME | DungeonMap= TeamAttachee=OUI(2) foes=4
[NREPROBE] DungeonMapInit map= | zone=mt_steel seg=0 map=6 | Save.Team=2 leader=BIG_AF_NAME | DungeonMap= TeamAttachee=OUI(2) foes=5
[RED_STORY_ROUTE] {"event":"map","zone":"mt_steel","segment":0,"floor":6,"width":79,"height":56,"mobs":7,"stairs":1,"map_seed":"-210302893042788125","adventure_seed":"-3037769020233323233"}
[NREPROBE] DungeonFloorEnter <-- equipe DOIT etre attachee ici | zone=mt_steel seg=0 map=6 | Save.Team=2 leader=BIG_AF_NAME | DungeonMap= TeamAttachee=OUI(2) foes=5
[RED_STORY_ROUTE] {"event":"next_floor","from":6,"to":7}
[NREPROBE] DungeonFloorExit | zone=mt_steel seg=0 map=6 | Save.Team=2 leader=BIG_AF_NAME | DungeonMap= TeamAttachee=OUI(2) foes=5
[NREPROBE] DungeonMapInit map= | zone=mt_steel seg=0 map=7 | Save.Team=2 leader=BIG_AF_NAME | DungeonMap= TeamAttachee=OUI(2) foes=4
[RED_STORY_ROUTE] {"event":"map","zone":"mt_steel","segment":0,"floor":7,"width":66,"height":46,"mobs":6,"stairs":1,"map_seed":"-6908048718374978660","adventure_seed":"-3037769020233323233"}
[NREPROBE] DungeonFloorEnter <-- equipe DOIT etre attachee ici | zone=mt_steel seg=0 map=7 | Save.Team=2 leader=BIG_AF_NAME | DungeonMap= TeamAttachee=OUI(2) foes=4
[RED_STORY_ROUTE] {"event":"segment_clear","zone":"mt_steel","segment":0,"floor":7,"kind":"procedural"}
[NREPROBE] DungeonSegmentEnd (Lua ExitSegment a tourne) | zone=mt_steel seg=0 map=7 | Save.Team=2 leader=BIG_AF_NAME | DungeonMap= TeamAttachee=OUI(2) foes=4
[NREPROBE] DungeonFloorExit | zone=mt_steel seg=0 map=7 | Save.Team=2 leader=BIG_AF_NAME | DungeonMap= TeamAttachee=OUI(2) foes=4
[NREPROBE] DungeonSegmentStart (Lua EnterSegment va tourner) | zone=mt_steel seg=-1 map=-1 | Save.Team=2 leader=BIG_AF_NAME | DungeonMap=nil TeamAttachee=n/a foes=n/a
[NREPROBE] DungeonMapInit map=mt_steel_boss | zone=mt_steel seg=1 map=0 | Save.Team=2 leader=BIG_AF_NAME | DungeonMap=mt_steel_boss TeamAttachee=OUI(2) foes=1
[RED_STORY_ROUTE] {"event":"map","zone":"mt_steel","segment":1,"floor":0,"width":19,"height":23,"mobs":1,"stairs":0,"boss_species":"skarmory","expected_boss_species":"skarmory","kind":"canonical_fixed_boss","map_seed":"1864934831560779480","adventure_seed":"-3037769020233323233"}
