Loading default script variable values..
Script variables default values loaded! [build 2026-08-04-K]
DebugTools:initialize()
MenuTools:initialize()
UpgradeTools:initialize()
ConfigTools:initialize()
NREProbe:initialize()
[NREPROBE] build 2026-08-04-K charge (main.lua) -- PREMIERE ligne attendue, au LANCEMENT du jeu. Si absente: la copie du mod chargee par le jeu n est PAS celle du depot.

<!> DebugTools: Init..

<!> ConfigTools: Init..
[NREPROBE] service nre_probe ACTIF (EngineServiceEvents.Init) -- build 2026-07-27-C
[SMART_GROUND_RUNTIME] {"event":"bootstrap_new_game"}
Loading default script variable values..
Script variables default values loaded! [build 2026-08-04-K]
[NREPROBE] LoadSavedData <-- sauvegarde chargee (menu Continuer) | zone= seg=? map=? | Save.Team=0 leader=<nil> | DungeonMap=nil TeamAttachee=n/a foes=n/a
[SMART_GROUND_RUNTIME] {"event":"begin","ground":"nnv_rmvillage_winter","capture_count":2,"tick_count":6}

<!> ExampleSvc: Preparing debug save file
[DevUnlock] exclu: barren_tundra
[DevUnlock] exclu: bravery_road
[DevUnlock] exclu: cave_of_solace
[DevUnlock] exclu: cave_of_whispers
[DevUnlock] exclu: debug_zone
[DevUnlock] exclu: deserted_fortress
[DevUnlock] exclu: energy_garden
[DevUnlock] exclu: eon_island
[DevUnlock] exclu: guildmaster_island
[DevUnlock] exclu: hope_road
[DevUnlock] exclu: inscribed_cave
[DevUnlock] exclu: labyrinth_of_the_lost
[DevUnlock] exclu: master_zone
[DevUnlock] exclu: prism_isles
[DevUnlock] exclu: royal_halls
[DevUnlock] exclu: sacred_tower
[DevUnlock] exclu: starfall_heights
[DevUnlock] exclu: the_abyss
[DevUnlock] exclu: the_sky
[DevUnlock] exclu: training_maze
[DevUnlock] exclu: uncharted_waters
[DevUnlock] exclu: wisdom_road
[NREPROBE] NewGame | zone= seg=? map=? | Save.Team=4 leader=BIG_AF_NAME | DungeonMap=nil TeamAttachee=n/a foes=n/a
=>> Init_master_zone
[NREPROBE] ZoneInit | zone=master_zone seg=-1 map=-1 | Save.Team=4 leader=BIG_AF_NAME | DungeonMap=nil TeamAttachee=n/a foes=n/a
[NREPROBE] DungeonSegmentStart (Lua EnterSegment va tourner) | zone=master_zone seg=-1 map=-1 | Save.Team=4 leader=BIG_AF_NAME | DungeonMap=nil TeamAttachee=n/a foes=n/a
[NREPROBE] GroundModeBegin | zone=master_zone seg=-1 map=398 | Save.Team=4 leader=BIG_AF_NAME | DungeonMap=nil TeamAttachee=n/a foes=n/a
[NREPROBE] GroundMapEnter | zone=master_zone seg=-1 map=398 | Save.Team=4 leader=BIG_AF_NAME | DungeonMap=nil TeamAttachee=n/a foes=n/a
[SMART_GROUND_RUNTIME] {"event":"ground_loaded","ground":"nnv_rmvillage_winter","load":"PASS"}
[SMART_GROUND_RUNTIME] {"event":"screenshot_requested","label":"spawn","tick":0}
[SMART_GROUND_RUNTIME] {"event":"screenshot_completed","label":"spawn","tick":0}
[SMART_GROUND_RUNTIME] {"event":"screenshot_requested","label":"spawn","tick":1}
[SMART_GROUND_RUNTIME] {"event":"screenshot_completed","label":"spawn","tick":1}
[SMART_GROUND_RUNTIME] {"event":"screenshot_requested","label":"spawn","tick":2}
[SMART_GROUND_RUNTIME] {"event":"screenshot_completed","label":"spawn","tick":2}
[SMART_GROUND_RUNTIME] {"event":"screenshot_requested","label":"spawn","tick":3}
[SMART_GROUND_RUNTIME] {"event":"screenshot_completed","label":"spawn","tick":3}
[SMART_GROUND_RUNTIME] {"event":"screenshot_requested","label":"spawn","tick":6}
[SMART_GROUND_RUNTIME] {"event":"screenshot_completed","label":"spawn","tick":6}
[SMART_GROUND_RUNTIME] {"event":"screenshot_requested","label":"spawn","tick":11}
[SMART_GROUND_RUNTIME] {"event":"screenshot_completed","label":"spawn","tick":11}
[SMART_GROUND_RUNTIME] {"event":"screenshot_requested","label":"water_1","tick":0}
[SMART_GROUND_RUNTIME] {"event":"screenshot_completed","label":"water_1","tick":0}
[SMART_GROUND_RUNTIME] {"event":"screenshot_requested","label":"water_1","tick":1}
[SMART_GROUND_RUNTIME] {"event":"screenshot_completed","label":"water_1","tick":1}
[SMART_GROUND_RUNTIME] {"event":"screenshot_requested","label":"water_1","tick":2}
[SMART_GROUND_RUNTIME] {"event":"screenshot_completed","label":"water_1","tick":2}
[SMART_GROUND_RUNTIME] {"event":"screenshot_requested","label":"water_1","tick":3}
[SMART_GROUND_RUNTIME] {"event":"screenshot_completed","label":"water_1","tick":3}
[SMART_GROUND_RUNTIME] {"event":"screenshot_requested","label":"water_1","tick":6}
[SMART_GROUND_RUNTIME] {"event":"screenshot_completed","label":"water_1","tick":6}
[SMART_GROUND_RUNTIME] {"event":"screenshot_requested","label":"water_1","tick":11}
[SMART_GROUND_RUNTIME] {"event":"screenshot_completed","label":"water_1","tick":11}
[SMART_GROUND_RUNTIME] {"event":"result","load":"PASS","movement":"PASS","blocked":"PASS","move_delta":"0,8","blocked_delta":"0,0","verdict":"RUNTIME_PASS"}
[SMART_GROUND_RUNTIME] {"event":"end"}

<!> DebugTools: Deinit..

<!> ConfigTools: Deinit..
