Loading default script variable values..
Script variables default values loaded! [build 2026-08-04-K]
DebugTools:initialize()
MenuTools:initialize()
UpgradeTools:initialize()
ConfigTools:initialize()
NREProbe:initialize()
[NREPROBE] build 2026-08-04-K charge (main.lua) — PREMIERE ligne attendue, au LANCEMENT du jeu. Si absente: la copie du mod chargee par le jeu n est PAS celle du depot.

<!> DebugTools: Init..

<!> ConfigTools: Init..
[NREPROBE] service nre_probe ACTIF (EngineServiceEvents.Init) — build 2026-07-27-C
Loading default script variable values..
Script variables default values loaded! [build 2026-08-04-K]
[NREPROBE] LoadSavedData <-- sauvegarde chargee (menu Continuer) | zone= seg=? map=? | Save.Team=0 leader=<nil> | DungeonMap=nil TeamAttachee=n/a foes=n/a
[PMDRED_PRIMITIVE_ADAPTER] {"event":"begin","runtime":"PMDO 0.8.12","ground_loaded":"fixture_sink_only"}

<!> ExampleSvc: Preparing debug save file
[DevUnlock] exclu: barren_tundra
[DevUnlock] exclu: bravery_road
[DevUnlock] exclu: cave_of_solace
[DevUnlock] exclu: cave_of_whispers
[DevUnlock] exclu: debug_zone
[DevUnlock] exclu: deserted_fortress
[DevUnlock] exclu: energy_garden
[DevUnlock] exclu: eon_island
[DevUnlock] exclu: guildmaster_island
[DevUnlock] exclu: hope_road
[DevUnlock] exclu: inscribed_cave
[DevUnlock] exclu: labyrinth_of_the_lost
[DevUnlock] exclu: master_zone
[DevUnlock] exclu: prism_isles
[DevUnlock] exclu: royal_halls
[DevUnlock] exclu: sacred_tower
[DevUnlock] exclu: starfall_heights
[DevUnlock] exclu: the_abyss
[DevUnlock] exclu: the_sky
[DevUnlock] exclu: training_maze
[DevUnlock] exclu: uncharted_waters
[DevUnlock] exclu: wisdom_road
[NREPROBE] NewGame | zone= seg=? map=? | Save.Team=4 leader=BIG_AF_NAME | DungeonMap=nil TeamAttachee=n/a foes=n/a
=>> Init_master_zone
[NREPROBE] ZoneInit | zone=master_zone seg=-1 map=-1 | Save.Team=4 leader=BIG_AF_NAME | DungeonMap=nil TeamAttachee=n/a foes=n/a
[NREPROBE] DungeonSegmentStart (Lua EnterSegment va tourner) | zone=master_zone seg=-1 map=-1 | Save.Team=4 leader=BIG_AF_NAME | DungeonMap=nil TeamAttachee=n/a foes=n/a
[NREPROBE] GroundModeBegin | zone=master_zone seg=-1 map=232 | Save.Team=4 leader=BIG_AF_NAME | DungeonMap=nil TeamAttachee=n/a foes=n/a
[NREPROBE] GroundMapEnter | zone=master_zone seg=-1 map=232 | Save.Team=4 leader=BIG_AF_NAME | DungeonMap=nil TeamAttachee=n/a foes=n/a
[PMDRED_PRIMITIVE_ADAPTER] {"event":"module_loaded","pret_commit":"bf0092d0e34fd8e49b859a0b5f96f00740faa42d","rogue_essence_commit":"4961b2271bb0cace74f40f6a85e799e8e4848ace"}
[PMDRED_PRIMITIVE_ADAPTER] {"event":"wait_pass","frames":3,"service_update_delta":1,"tick_delta":240}
[PMDRED_PRIMITIVE_ADAPTER] {"event":"bgm_fadeout_pass","frames":5}
[PMDRED_PRIMITIVE_ADAPTER] {"event":"direction_pass","source":"DIRECTION_SOUTH","pmdo":"Down: 0"}
[PMDRED_PRIMITIVE_ADAPTER] {"event":"direction_pass","source":"DIRECTION_SOUTHEAST","pmdo":"DownRight: 7"}
[PMDRED_PRIMITIVE_ADAPTER] {"event":"direction_pass","source":"DIRECTION_EAST","pmdo":"Right: 6"}
[PMDRED_PRIMITIVE_ADAPTER] {"event":"direction_pass","source":"DIRECTION_NORTHEAST","pmdo":"UpRight: 5"}
[PMDRED_PRIMITIVE_ADAPTER] {"event":"direction_pass","source":"DIRECTION_NORTH","pmdo":"Up: 4"}
[PMDRED_PRIMITIVE_ADAPTER] {"event":"direction_pass","source":"DIRECTION_NORTHWEST","pmdo":"UpLeft: 3"}
[PMDRED_PRIMITIVE_ADAPTER] {"event":"direction_pass","source":"DIRECTION_WEST","pmdo":"Left: 2"}
[PMDRED_PRIMITIVE_ADAPTER] {"event":"direction_pass","source":"DIRECTION_SOUTHWEST","pmdo":"DownLeft: 1"}
[PMDRED_PRIMITIVE_ADAPTER] {"event":"rotation_pass","transition":"DIR_TRANS_SPINRIGHT1","target":"DIRECTION_NORTH"}
[PMDRED_PRIMITIVE_ADAPTER] {"event":"rotation_pass","transition":"DIR_TRANS_SPINLEFT1","target":"DIRECTION_EAST"}
[PMDRED_PRIMITIVE_ADAPTER] {"event":"rotation_pass","transition":"DIR_TRANS_10","target":"DIRECTION_WEST"}
[PMDRED_PRIMITIVE_ADAPTER] {"event":"rotation_pass","transition":"DIR_TRANS_11","target":"DIRECTION_NORTHEAST"}
[PMDRED_PRIMITIVE_ADAPTER] {"event":"relative_rotation_pass","turn_step":1,"target_transform":"DIR_TRANS_SPINRIGHT2"}
[PMDRED_PRIMITIVE_ADAPTER] {"event":"relative_rotation_pass","turn_step":2,"target_transform":"DIR_TRANS_SPINLEFT2"}
[PMDRED_PRIMITIVE_ADAPTER] {"event":"relative_rotation_pass","turn_step":2,"target_transform":"DIR_TRANS_FLIP"}
[PMDRED_PRIMITIVE_ADAPTER] {"event":"fail_closed_pass","numeric_direction":true,"unknown_opcode":true,"missing_actor":true,"unsupported_rotation":true,"unsupported_relative_rotation":true}
[PMDRED_PRIMITIVE_ADAPTER] {"event":"end","verdict":"PASS","ground_loaded":"fixture_sink_only","production_route_written":false}
