Loading default script variable values..
Script variables default values loaded! [build 2026-08-04-K]
DebugTools:initialize()
MenuTools:initialize()
UpgradeTools:initialize()
ConfigTools:initialize()
NREProbe:initialize()
[NREPROBE] build 2026-08-04-K charge (main.lua) -- PREMIERE ligne attendue, au LANCEMENT du jeu. Si absente: la copie du mod chargee par le jeu n est PAS celle du depot.

<!> DebugTools: Init..

<!> ConfigTools: Init..
[NREPROBE] service nre_probe ACTIF (EngineServiceEvents.Init) -- build 2026-07-27-C
Loading default script variable values..
Script variables default values loaded! [build 2026-08-04-K]
[NREPROBE] LoadSavedData <-- sauvegarde chargee (menu Continuer) | zone= seg=? map=? | Save.Team=0 leader=<nil> | DungeonMap=nil TeamAttachee=n/a foes=n/a

<!> ExampleSvc: Preparing debug save file
[DevUnlock] exclu: barren_tundra
[DevUnlock] exclu: bravery_road
[DevUnlock] exclu: bug_maze
[DevUnlock] exclu: buried_relic
[DevUnlock] exclu: cave_of_solace
[DevUnlock] exclu: cave_of_whispers
[DevUnlock] exclu: darknight_relic
[DevUnlock] exclu: debug_zone
[DevUnlock] exclu: desert_region
[DevUnlock] exclu: deserted_fortress
[DevUnlock] exclu: electric_maze
[DevUnlock] exclu: energy_garden
[DevUnlock] exclu: eon_island
[DevUnlock] exclu: fantasy_strait
[DevUnlock] exclu: far_off_sea
[DevUnlock] exclu: fiery_field
[DevUnlock] exclu: frosty_forest
[DevUnlock] exclu: frosty_grotto
[DevUnlock] exclu: grand_sea
[DevUnlock] exclu: great_canyon
[DevUnlock] exclu: guildmaster_island
[DevUnlock] exclu: hope_road
[DevUnlock] exclu: howling_forest
[DevUnlock] exclu: inscribed_cave
[DevUnlock] exclu: joyous_tower
[DevUnlock] exclu: labyrinth_of_the_lost
[DevUnlock] exclu: lapis_cave
[DevUnlock] exclu: lightning_field
[DevUnlock] exclu: magma_cavern
[DevUnlock] exclu: magma_cavern_pit
[DevUnlock] exclu: marvelous_sea
[DevUnlock] exclu: master_zone
[DevUnlock] exclu: meteor_cave
[DevUnlock] exclu: mt_blaze
[DevUnlock] exclu: mt_blaze_peak
[DevUnlock] exclu: mt_faraway
[DevUnlock] exclu: mt_freeze
[DevUnlock] exclu: mt_freeze_peak
[DevUnlock] exclu: mt_steel
[DevUnlock] exclu: mt_thunder
[DevUnlock] exclu: mt_thunder_peak
[DevUnlock] exclu: murky_cave
[DevUnlock] exclu: northern_range
[DevUnlock] exclu: northwind_field
[DevUnlock] exclu: oddity_cave
[DevUnlock] exclu: pitfall_valley
[DevUnlock] exclu: prism_isles
[DevUnlock] exclu: purity_forest
[DevUnlock] exclu: remains_island
[DevUnlock] exclu: rock_path
[DevUnlock] exclu: royal_halls
[DevUnlock] exclu: sacred_tower
[DevUnlock] exclu: silent_chasm
[DevUnlock] exclu: silver_trench
[DevUnlock] exclu: sky_tower
[DevUnlock] exclu: sky_tower_summit
[DevUnlock] exclu: snow_path
[DevUnlock] exclu: solar_cave
[DevUnlock] exclu: southern_cavern
[DevUnlock] exclu: starfall_heights
[DevUnlock] exclu: stormy_sea
[DevUnlock] exclu: the_abyss
[DevUnlock] exclu: the_sky
[DevUnlock] exclu: thunderwave_cave
[DevUnlock] exclu: tiny_woods
[DevUnlock] exclu: training_maze
[DevUnlock] exclu: uncharted_waters
[DevUnlock] exclu: unown_relic
[DevUnlock] exclu: uproar_forest
[DevUnlock] exclu: waterfall_pond
[DevUnlock] exclu: western_cave
[DevUnlock] exclu: wisdom_road
[DevUnlock] exclu: wish_cave
[DevUnlock] exclu: wyvern_hill
[NREPROBE] NewGame | zone= seg=? map=? | Save.Team=4 leader=BIG_AF_NAME | DungeonMap=nil TeamAttachee=n/a foes=n/a
[RED_STORY_ROUTE] {"event":"begin","zone":"mt_thunder_peak","expected_floors":2}
[NREPROBE] ZoneInit | zone=mt_thunder_peak seg=-1 map=-1 | Save.Team=2 leader=BIG_AF_NAME | DungeonMap=nil TeamAttachee=n/a foes=n/a
[NREPROBE] DungeonSegmentStart (Lua EnterSegment va tourner) | zone=mt_thunder_peak seg=-1 map=-1 | Save.Team=2 leader=BIG_AF_NAME | DungeonMap=nil TeamAttachee=n/a foes=n/a
[NREPROBE] GroundModeBegin | zone=mt_thunder_peak seg=-1 map=0 | Save.Team=2 leader=BIG_AF_NAME | DungeonMap=nil TeamAttachee=n/a foes=n/a
[RED_STORY_ROUTE] {"event":"ground_init","zone":"mt_thunder_peak","id":"d06p02"}
[RED_STORY_ROUTE] {"event":"entrance_reached","id":"d06p02"}
[RedCanonScene] d06p02 : 0 réplique(s) jouée(s), 2 sans texte importé, 4 évènement(s) audio, 0 secousse(s), 4 évènement(s) non décodés (acteur ou coordonnées absents de l extraction ROM).
[NREPROBE] GroundMapEnter | zone=mt_thunder_peak seg=-1 map=0 | Save.Team=2 leader=BIG_AF_NAME | DungeonMap=nil TeamAttachee=n/a foes=n/a
[RED_STORY_ROUTE] {"event":"ground_enter","zone":"mt_thunder_peak","id":"d06p02"}
[NREPROBE] GroundMapExit | zone=mt_thunder_peak seg=-1 map=0 | Save.Team=2 leader=BIG_AF_NAME | DungeonMap=nil TeamAttachee=n/a foes=n/a
=>_ENV pre-cleanup:180
=>_ENV post cleanup:179
[NREPROBE] GroundModeEnd | zone=mt_thunder_peak seg=-1 map=-1 | Save.Team=2 leader=BIG_AF_NAME | DungeonMap=nil TeamAttachee=n/a foes=n/a
=>_ENV pre-cleanup:179
=>_ENV post cleanup:178
[NREPROBE] ZoneInit | zone=mt_thunder_peak seg=-1 map=-1 | Save.Team=2 leader=BIG_AF_NAME | DungeonMap=nil TeamAttachee=n/a foes=n/a
[NREPROBE] DungeonSegmentStart (Lua EnterSegment va tourner) | zone=mt_thunder_peak seg=-1 map=-1 | Save.Team=2 leader=BIG_AF_NAME | DungeonMap=nil TeamAttachee=n/a foes=n/a
[NREPROBE] DungeonModeBegin | zone=mt_thunder_peak seg=0 map=0 | Save.Team=2 leader=BIG_AF_NAME | DungeonMap= TeamAttachee=NON (transition avant DungeonMapInit, normale) foes=2
[NREPROBE] DungeonMapInit map= | zone=mt_thunder_peak seg=0 map=0 | Save.Team=2 leader=BIG_AF_NAME | DungeonMap= TeamAttachee=OUI(2) foes=2
[RED_STORY_ROUTE] {"event":"map","zone":"mt_thunder_peak","segment":0,"floor":0,"width":51,"height":45,"mobs":3,"stairs":1,"map_seed":"-1712733497616088433","adventure_seed":"-5328708862013850011"}
[NREPROBE] DungeonFloorEnter <-- equipe DOIT etre attachee ici | zone=mt_thunder_peak seg=0 map=0 | Save.Team=2 leader=BIG_AF_NAME | DungeonMap= TeamAttachee=OUI(2) foes=2
[RED_STORY_ROUTE] {"event":"next_floor","from":0,"to":1}
[NREPROBE] DungeonFloorExit | zone=mt_thunder_peak seg=0 map=0 | Save.Team=2 leader=BIG_AF_NAME | DungeonMap= TeamAttachee=OUI(2) foes=2
[NREPROBE] DungeonMapInit map= | zone=mt_thunder_peak seg=0 map=1 | Save.Team=2 leader=BIG_AF_NAME | DungeonMap= TeamAttachee=OUI(2) foes=4
[RED_STORY_ROUTE] {"event":"map","zone":"mt_thunder_peak","segment":0,"floor":1,"width":31,"height":31,"mobs":4,"stairs":1,"map_seed":"-4228128150431569940","adventure_seed":"-5328708862013850011"}
[NREPROBE] DungeonFloorEnter <-- equipe DOIT etre attachee ici | zone=mt_thunder_peak seg=0 map=1 | Save.Team=2 leader=BIG_AF_NAME | DungeonMap= TeamAttachee=OUI(2) foes=4
[RED_STORY_ROUTE] {"event":"segment_clear","zone":"mt_thunder_peak","segment":0,"floor":1,"kind":"procedural"}
[NREPROBE] DungeonSegmentEnd (Lua ExitSegment a tourne) | zone=mt_thunder_peak seg=0 map=1 | Save.Team=2 leader=BIG_AF_NAME | DungeonMap= TeamAttachee=OUI(2) foes=4
[NREPROBE] DungeonFloorExit | zone=mt_thunder_peak seg=0 map=1 | Save.Team=2 leader=BIG_AF_NAME | DungeonMap= TeamAttachee=OUI(2) foes=4
[NREPROBE] DungeonSegmentStart (Lua EnterSegment va tourner) | zone=mt_thunder_peak seg=-1 map=-1 | Save.Team=2 leader=BIG_AF_NAME | DungeonMap=nil TeamAttachee=n/a foes=n/a
[NREPROBE] DungeonMapInit map=mt_thunder_peak_boss | zone=mt_thunder_peak seg=1 map=0 | Save.Team=2 leader=BIG_AF_NAME | DungeonMap=mt_thunder_peak_boss TeamAttachee=OUI(2) foes=1
[RED_STORY_ROUTE] {"event":"map","zone":"mt_thunder_peak","segment":1,"floor":0,"width":19,"height":19,"mobs":1,"stairs":0,"boss_species":"zapdos","expected_boss_species":"zapdos","kind":"canonical_fixed_boss","map_seed":"2341463894892412892","adventure_seed":"-5328708862013850011"}
[NREPROBE] DungeonFloorEnter <-- equipe DOIT etre attachee ici | zone=mt_thunder_peak seg=1 map=0 | Save.Team=2 leader=BIG_AF_NAME | DungeonMap=mt_thunder_peak_boss TeamAttachee=OUI(2) foes=1
[RED_STORY_ROUTE] {"event":"boss_clear","zone":"mt_thunder_peak","segment":1,"map":"mt_thunder_peak_boss","expected_species":"zapdos","loaded_species":"zapdos","native_clear_hooks":1,"source_floor":3,"source_fixed_room":3}
[RED_STORY_ROUTE] {"event":"segment_clear","zone":"mt_thunder_peak","segment":1,"floor":0,"kind":"canonical_fixed_boss"}
[NREPROBE] DungeonSegmentEnd (Lua ExitSegment a tourne) | zone=mt_thunder_peak seg=1 map=0 | Save.Team=2 leader=BIG_AF_NAME | DungeonMap=mt_thunder_peak_boss TeamAttachee=OUI(2) foes=1
[NREPROBE] DungeonFloorExit | zone=mt_thunder_peak seg=1 map=0 | Save.Team=2 leader=BIG_AF_NAME | DungeonMap=mt_thunder_peak_boss TeamAttachee=OUI(2) foes=1
[NREPROBE] DungeonModeEnd  <-- ExitFloor vient de detacher l equipe (normal) | zone=mt_thunder_peak seg=-1 map=-1 | Save.Team=2 leader=BIG_AF_NAME | DungeonMap=nil TeamAttachee=n/a foes=n/a
[NREPROBE] DungeonSegmentStart (Lua EnterSegment va tourner) | zone=mt_thunder_peak seg=-1 map=-1 | Save.Team=2 leader=BIG_AF_NAME | DungeonMap=nil TeamAttachee=n/a foes=n/a
[NREPROBE] GroundModeBegin | zone=mt_thunder_peak seg=-1 map=1 | Save.Team=2 leader=BIG_AF_NAME | DungeonMap=nil TeamAttachee=n/a foes=n/a
[RED_STORY_ROUTE] {"event":"ground_init","zone":"mt_thunder_peak","id":"d06p03"}
[RED_STORY_ROUTE] {"event":"canonical_end","id":"d06p03","zone":"mt_thunder_peak"}
[RED_STORY_ROUTE] {"event":"end","zone":"mt_thunder_peak","canonical_complete":true,"terminated_by":"canonical_final_ground_reached","note":"final canonical Ground d06p03 loaded; runtime is unloaded before Ground.Enter opens FinalResultsMenu"}
[RedCanonScene] d06p03 : 0 réplique(s) jouée(s), 49 sans texte importé, 2 évènement(s) audio, 7 secousse(s), 14 évènement(s) non décodés (acteur ou coordonnées absents de l extraction ROM).

<!> DebugTools: Deinit..

<!> ConfigTools: Deinit..
[2026/08/24 16:50:22.362] Cannot access a closed Stream.
Exception Depth: 0
System.ObjectDisposedException: Cannot access a closed Stream.
   at System.IO.Strategies.BufferedFileStreamStrategy.Write(ReadOnlySpan`1 buffer)
   at System.IO.BinaryWriter.Write(Int64 value)
   at RogueEssence.Data.GameProgress.SaveMainData(BinaryWriter writer, GameProgress save)


Lua Trace:
stack traceback:

Coroutine Trace:
RogueEssence.Data.MainProgress+<EndGame>d__10
ScriptEvent: CURMAPSCR.Enter
RogueEssence.Ground.GroundMap+<RunScriptEvent>d__59
RogueEssence.Ground.GroundMap+<OnEnter>d__64
RogueEssence.Ground.GroundScene+<BeginGround>d__44
RogueEssence.GameManager+<moveToZoneInit>d__76
RogueEssence.GameManager+<MoveToZone>d__74
RogueEssence.GameManager+<ScreenMainCoroutine>d__64

[2026/08/24 16:50:22.381] Cannot access a closed file.
Exception Depth: 0
System.ObjectDisposedException: Cannot access a closed file.
   at System.IO.BinaryWriter.get_BaseStream()
   at RogueEssence.Data.DataManager.EndPlay(GameProgress epitaph, String outFile)


Lua Trace:
stack traceback:

Coroutine Trace:
RogueEssence.Data.MainProgress+<EndGame>d__10
ScriptEvent: CURMAPSCR.Enter
RogueEssence.Ground.GroundMap+<RunScriptEvent>d__59
RogueEssence.Ground.GroundMap+<OnEnter>d__64
RogueEssence.Ground.GroundScene+<BeginGround>d__44
RogueEssence.GameManager+<moveToZoneInit>d__76
RogueEssence.GameManager+<MoveToZone>d__74
RogueEssence.GameManager+<ScreenMainCoroutine>d__64

